Component: ARM Compiler 5.06 update 7 (build 960) Tool: armlink [4d3601]

==============================================================================

Section Cross References

    startup_stm32f429xx.o(RESET) refers to startup_stm32f429xx.o(STACK) for __initial_sp
    startup_stm32f429xx.o(RESET) refers to startup_stm32f429xx.o(.text) for Reset_Handler
    startup_stm32f429xx.o(RESET) refers to stm32f4xx_it.o(i.NMI_Handler) for NMI_Handler
    startup_stm32f429xx.o(RESET) refers to stm32f4xx_it.o(i.HardFault_Handler) for HardFault_Handler
    startup_stm32f429xx.o(RESET) refers to stm32f4xx_it.o(i.MemManage_Handler) for MemManage_Handler
    startup_stm32f429xx.o(RESET) refers to stm32f4xx_it.o(i.BusFault_Handler) for BusFault_Handler
    startup_stm32f429xx.o(RESET) refers to stm32f4xx_it.o(i.UsageFault_Handler) for UsageFault_Handler
    startup_stm32f429xx.o(RESET) refers to stm32f4xx_it.o(i.SVC_Handler) for SVC_Handler
    startup_stm32f429xx.o(RESET) refers to stm32f4xx_it.o(i.DebugMon_Handler) for DebugMon_Handler
    startup_stm32f429xx.o(RESET) refers to stm32f4xx_it.o(i.PendSV_Handler) for PendSV_Handler
    startup_stm32f429xx.o(RESET) refers to stm32f4xx_it.o(i.SysTick_Handler) for SysTick_Handler
    startup_stm32f429xx.o(RESET) refers to main.o(i.EXTI0_IRQHandler) for EXTI0_IRQHandler
    startup_stm32f429xx.o(RESET) refers to main.o(i.EXTI2_IRQHandler) for EXTI2_IRQHandler
    startup_stm32f429xx.o(RESET) refers to main.o(i.TIM1_UP_TIM10_IRQHandler) for TIM1_UP_TIM10_IRQHandler
    startup_stm32f429xx.o(RESET) refers to main.o(i.USART1_IRQHandler) for USART1_IRQHandler
    startup_stm32f429xx.o(RESET) refers to main.o(i.SPI3_IRQHandler) for SPI3_IRQHandler
    startup_stm32f429xx.o(RESET) refers to main.o(i.TIM7_IRQHandler) for TIM7_IRQHandler
    startup_stm32f429xx.o(RESET) refers to stm32f4xx_it.o(i.DMA2_Stream3_IRQHandler) for DMA2_Stream3_IRQHandler
    startup_stm32f429xx.o(.text) refers to system_stm32f4xx.o(i.SystemInit) for SystemInit
    startup_stm32f429xx.o(.text) refers to entry.o(.ARM.Collect$$$$00000000) for __main
    stm32f4xx_hal_i2s.o(i.HAL_I2S_DMAStop) refers to stm32f4xx_hal_dma.o(i.HAL_DMA_Abort) for HAL_DMA_Abort
    stm32f4xx_hal_i2s.o(i.HAL_I2S_DeInit) refers to i2s.o(i.HAL_I2S_MspDeInit) for HAL_I2S_MspDeInit
    stm32f4xx_hal_i2s.o(i.HAL_I2S_Init) refers to i2s.o(i.HAL_I2S_MspInit) for HAL_I2S_MspInit
    stm32f4xx_hal_i2s.o(i.HAL_I2S_Init) refers to stm32f4xx_hal_rcc_ex.o(i.HAL_RCCEx_GetPeriphCLKFreq) for HAL_RCCEx_GetPeriphCLKFreq
    stm32f4xx_hal_i2s.o(i.HAL_I2S_Init) refers to stm32f4xx_hal_i2s.o(i.HAL_I2S_ErrorCallback) for HAL_I2S_ErrorCallback
    stm32f4xx_hal_i2s.o(i.HAL_I2S_Init) refers to stm32f4xx_hal_i2s.o(i.I2S_IRQHandler) for I2S_IRQHandler
    stm32f4xx_hal_i2s.o(i.HAL_I2S_Init) refers to stm32f4xx_hal_i2s_ex.o(i.HAL_I2SEx_FullDuplex_IRQHandler) for HAL_I2SEx_FullDuplex_IRQHandler
    stm32f4xx_hal_i2s.o(i.HAL_I2S_Receive) refers to stm32f4xx_hal_i2s.o(i.I2S_WaitFlagStateUntilTimeout) for I2S_WaitFlagStateUntilTimeout
    stm32f4xx_hal_i2s.o(i.HAL_I2S_Receive) refers to stm32f4xx_hal_i2s.o(i.HAL_I2S_ErrorCallback) for HAL_I2S_ErrorCallback
    stm32f4xx_hal_i2s.o(i.HAL_I2S_Receive_DMA) refers to stm32f4xx_hal_dma.o(i.HAL_DMA_Start_IT) for HAL_DMA_Start_IT
    stm32f4xx_hal_i2s.o(i.HAL_I2S_Receive_DMA) refers to stm32f4xx_hal_i2s.o(i.I2S_DMARxHalfCplt) for I2S_DMARxHalfCplt
    stm32f4xx_hal_i2s.o(i.HAL_I2S_Receive_DMA) refers to stm32f4xx_hal_i2s.o(i.I2S_DMARxCplt) for I2S_DMARxCplt
    stm32f4xx_hal_i2s.o(i.HAL_I2S_Receive_DMA) refers to stm32f4xx_hal_i2s.o(i.I2S_DMAError) for I2S_DMAError
    stm32f4xx_hal_i2s.o(i.HAL_I2S_Transmit) refers to stm32f4xx_hal_i2s.o(i.I2S_WaitFlagStateUntilTimeout) for I2S_WaitFlagStateUntilTimeout
    stm32f4xx_hal_i2s.o(i.HAL_I2S_Transmit) refers to stm32f4xx_hal_i2s.o(i.HAL_I2S_ErrorCallback) for HAL_I2S_ErrorCallback
    stm32f4xx_hal_i2s.o(i.HAL_I2S_Transmit_DMA) refers to stm32f4xx_hal_dma.o(i.HAL_DMA_Start_IT) for HAL_DMA_Start_IT
    stm32f4xx_hal_i2s.o(i.HAL_I2S_Transmit_DMA) refers to stm32f4xx_hal_i2s.o(i.I2S_DMATxHalfCplt) for I2S_DMATxHalfCplt
    stm32f4xx_hal_i2s.o(i.HAL_I2S_Transmit_DMA) refers to stm32f4xx_hal_i2s.o(i.I2S_DMATxCplt) for I2S_DMATxCplt
    stm32f4xx_hal_i2s.o(i.HAL_I2S_Transmit_DMA) refers to stm32f4xx_hal_i2s.o(i.I2S_DMAError) for I2S_DMAError
    stm32f4xx_hal_i2s.o(i.I2S_DMAError) refers to stm32f4xx_hal_i2s.o(i.HAL_I2S_ErrorCallback) for HAL_I2S_ErrorCallback
    stm32f4xx_hal_i2s.o(i.I2S_DMARxCplt) refers to stm32f4xx_hal_i2s.o(i.HAL_I2S_RxCpltCallback) for HAL_I2S_RxCpltCallback
    stm32f4xx_hal_i2s.o(i.I2S_DMARxHalfCplt) refers to stm32f4xx_hal_i2s.o(i.HAL_I2S_RxHalfCpltCallback) for HAL_I2S_RxHalfCpltCallback
    stm32f4xx_hal_i2s.o(i.I2S_DMATxCplt) refers to stm32f4xx_hal_i2s.o(i.HAL_I2S_TxCpltCallback) for HAL_I2S_TxCpltCallback
    stm32f4xx_hal_i2s.o(i.I2S_DMATxHalfCplt) refers to stm32f4xx_hal_i2s.o(i.HAL_I2S_TxHalfCpltCallback) for HAL_I2S_TxHalfCpltCallback
[...]
    BSP_SD_GetCardInfo                       0x08000475   Thumb Code    14  bsp_driver_sd.o(i.BSP_SD_GetCardInfo)
    BSP_SD_GetCardState                      0x08000489   Thumb Code    20  bsp_driver_sd.o(i.BSP_SD_GetCardState)
    BSP_SD_Init                              0x080004a1   Thumb Code    44  bsp_driver_sd.o(i.BSP_SD_Init)
    BSP_SD_IsDetected                        0x080004d1   Thumb Code    12  bsp_driver_sd.o(i.BSP_SD_IsDetected)
    BSP_SD_ReadBlocks                        0x080004dd   Thumb Code    42  bsp_driver_sd.o(i.BSP_SD_ReadBlocks)
    BSP_SD_WriteBlocks                       0x0800050d   Thumb Code    42  bsp_driver_sd.o(i.BSP_SD_WriteBlocks)
    BusFault_Handler                         0x0800053d   Thumb Code     4  stm32f4xx_it.o(i.BusFault_Handler)
    CLEAR_DB_VARIABLES                       0x08000541   Thumb Code   302  main.o(i.CLEAR_DB_VARIABLES)
    COLOR_SET                                0x08000701   Thumb Code   482  main.o(i.COLOR_SET)
    COPY_LOGO                                0x080008e9   Thumb Code    56  oled.o(i.COPY_LOGO)
    DAC_INIT                                 0x08000931   Thumb Code   164  main.o(i.DAC_INIT)
    DATABASE_PARSER                          0x080009e1   Thumb Code  3996  main.o(i.DATABASE_PARSER)
    DMA2_Stream3_IRQHandler                  0x080019a5   Thumb Code    10  stm32f4xx_it.o(i.DMA2_Stream3_IRQHandler)
    DebugMon_Handler                         0x08001abf   Thumb Code     2  stm32f4xx_it.o(i.DebugMon_Handler)
    DrawMemoryMarker                         0x08001ac1   Thumb Code   356  main.o(i.DrawMemoryMarker)
    DrawMinuteMarkers                        0x08001c2d   Thumb Code    96  main.o(i.DrawMinuteMarkers)
    DrawNewEmpty_TIMESCROLL                  0x08001c9d   Thumb Code    98  main.o(i.DrawNewEmpty_TIMESCROLL)
    EXTI0_IRQHandler                         0x08001d09   Thumb Code    82  main.o(i.EXTI0_IRQHandler)
    EXTI2_IRQHandler                         0x08001d6d   Thumb Code   142  main.o(i.EXTI2_IRQHandler)
    FATFS_LinkDriver                         0x08001e19   Thumb Code    18  ff_gen_drv.o(i.FATFS_LinkDriver)
    FATFS_LinkDriverEx                       0x08001e2d   Thumb Code    78  ff_gen_drv.o(i.FATFS_LinkDriverEx)
    FMC_SDRAM_Init                           0x08001e81   Thumb Code   116  stm32f4xx_ll_fmc.o(i.FMC_SDRAM_Init)
    FMC_SDRAM_ProgramRefreshRate             0x08001ef5   Thumb Code    14  stm32f4xx_ll_fmc.o(i.FMC_SDRAM_ProgramRefreshRate)
    FMC_SDRAM_SendCommand                    0x08001f03   Thumb Code    82  stm32f4xx_ll_fmc.o(i.FMC_SDRAM_SendCommand)
    FMC_SDRAM_Timing_Init                    0x08001f55   Thumb Code   152  stm32f4xx_ll_fmc.o(i.FMC_SDRAM_Timing_Init)
    GET_SD_INFO                              0x08001ff1   Thumb Code   116  main.o(i.GET_SD_INFO)
    HAL_ADC_ConfigChannel                    0x08002075   Thumb Code   384  stm32f4xx_hal_adc.o(i.HAL_ADC_ConfigChannel)
    HAL_ADC_GetValue                         0x08002209   Thumb Code     8  stm32f4xx_hal_adc.o(i.HAL_ADC_GetValue)
    HAL_ADC_Init                             0x08002211   Thumb Code   100  stm32f4xx_hal_adc.o(i.HAL_ADC_Init)
    HAL_ADC_MspInit                          0x08002279   Thumb Code    70  adc.o(i.HAL_ADC_MspInit)
    HAL_ADC_Start                            0x080022cd   Thumb Code   238  stm32f4xx_hal_adc.o(i.HAL_ADC_Start)
    HAL_DMA_Abort_IT                         0x080023cd   Thumb Code    40  stm32f4xx_hal_dma.o(i.HAL_DMA_Abort_IT)
    HAL_DMA_IRQHandler                       0x080023f5   Thumb Code   574  stm32f4xx_hal_dma.o(i.HAL_DMA_IRQHandler)
    HAL_DMA_Init                             0x0800263d   Thumb Code   232  stm32f4xx_hal_dma.o(i.HAL_DMA_Init)
    HAL_DMA_Start_IT                         0x08002729   Thumb Code   158  stm32f4xx_hal_dma.o(i.HAL_DMA_Start_IT)
    HAL_Delay                                0x080027c7   Thumb Code    30  stm32f4xx_hal.o(i.HAL_Delay)
    HAL_GPIO_EXTI_Callback                   0x080028ed   Thumb Code     2  stm32f4xx_hal_gpio.o(i.HAL_GPIO_EXTI_Callback)
    HAL_GPIO_EXTI_IRQHandler                 0x080028f1   Thumb Code    24  stm32f4xx_hal_gpio.o(i.HAL_GPIO_EXTI_IRQHandler)
    HAL_GPIO_Init                            0x0800290d   Thumb Code   486  stm32f4xx_hal_gpio.o(i.HAL_GPIO_Init)
    HAL_GPIO_ReadPin                         0x08002b29   Thumb Code    16  stm32f4xx_hal_gpio.o(i.HAL_GPIO_ReadPin)
    HAL_GPIO_WritePin                        0x08002b39   Thumb Code    12  stm32f4xx_hal_gpio.o(i.HAL_GPIO_WritePin)
    HAL_GetTick                              0x08002b45   Thumb Code     6  stm32f4xx_hal.o(i.HAL_GetTick)
    HAL_I2SEx_FullDuplex_IRQHandler          0x08002b51   Thumb Code   642  stm32f4xx_hal_i2s_ex.o(i.HAL_I2SEx_FullDuplex_IRQHandler)
    HAL_I2SEx_TxRxCpltCallback               0x08002ddd   Thumb Code     2  stm32f4xx_hal_i2s_ex.o(i.HAL_I2SEx_TxRxCpltCallback)
    HAL_I2S_ErrorCallback                    0x08002ddf   Thumb Code     2  stm32f4xx_hal_i2s.o(i.HAL_I2S_ErrorCallback)
    HAL_I2S_IRQHandler                       0x08002de1   Thumb Code    12  stm32f4xx_hal_i2s.o(i.HAL_I2S_IRQHandler)
    HAL_I2S_Init                             0x08002ded   Thumb Code   436  stm32f4xx_hal_i2s.o(i.HAL_I2S_Init)
    HAL_I2S_MspInit                          0x08002fb1   Thumb Code   172  i2s.o(i.HAL_I2S_MspInit)
    HAL_I2S_RxCpltCallback                   0x08003075   Thumb Code     2  stm32f4xx_hal_i2s.o(i.HAL_I2S_RxCpltCallback)
    HAL_I2S_Transmit_IT                      0x08003077   Thumb Code   152  stm32f4xx_hal_i2s.o(i.HAL_I2S_Transmit_IT)
    HAL_I2S_TxCpltCallback                   0x0800310f   Thumb Code     2  stm32f4xx_hal_i2s.o(i.HAL_I2S_TxCpltCallback)
    HAL_IncTick                              0x08003111   Thumb Code    12  stm32f4xx_hal.o(i.HAL_IncTick)
    HAL_Init                                 0x08003121   Thumb Code    54  stm32f4xx_hal.o(i.HAL_Init)
    HAL_InitTick                             0x0800315d   Thumb Code    36  stm32f4xx_hal.o(i.HAL_InitTick)
    HAL_MspInit                              0x08003185   Thumb Code    86  stm32f4xx_hal_msp.o(i.HAL_MspInit)
    HAL_NVIC_EnableIRQ                       0x080031db   Thumb Code    26  stm32f4xx_hal_cortex.o(i.HAL_NVIC_EnableIRQ)
    HAL_NVIC_SetPriority                     0x080031f5   Thumb Code   124  stm32f4xx_hal_cortex.o(i.HAL_NVIC_SetPriority)
    HAL_NVIC_SetPriorityGrouping             0x08003271   Thumb Code    32  stm32f4xx_hal_cortex.o(i.HAL_NVIC_SetPriorityGrouping)
    HAL_PWREx_EnableOverDrive                0x08003299   Thumb Code   152  stm32f4xx_hal_pwr_ex.o(i.HAL_PWREx_EnableOverDrive)
    HAL_RCCEx_GetPeriphCLKFreq               0x0800333d   Thumb Code   126  stm32f4xx_hal_rcc_ex.o(i.HAL_RCCEx_GetPeriphCLKFreq)
    HAL_RCCEx_PeriphCLKConfig                0x080033cd   Thumb Code   856  stm32f4xx_hal_rcc_ex.o(i.HAL_RCCEx_PeriphCLKConfig)
    HAL_RCC_ClockConfig                      0x0800373d   Thumb Code   446  stm32f4xx_hal_rcc.o(i.HAL_RCC_ClockConfig)
    HAL_RCC_GetHCLKFreq                      0x0800390d   Thumb Code     6  stm32f4xx_hal_rcc.o(i.HAL_RCC_GetHCLKFreq)
    HAL_RCC_GetPCLK1Freq                     0x08003919   Thumb Code    36  stm32f4xx_hal_rcc.o(i.HAL_RCC_GetPCLK1Freq)
    HAL_RCC_GetPCLK2Freq                     0x08003945   Thumb Code    36  stm32f4xx_hal_rcc.o(i.HAL_RCC_GetPCLK2Freq)
    HAL_RCC_GetSysClockFreq                  0x08003971   Thumb Code   168  stm32f4xx_hal_rcc.o(i.HAL_RCC_GetSysClockFreq)
    HAL_RCC_OscConfig                        0x08003a25   Thumb Code  1090  stm32f4xx_hal_rcc.o(i.HAL_RCC_OscConfig)
    HAL_SDRAM_Init                           0x08003e71   Thumb Code    64  stm32f4xx_hal_sdram.o(i.HAL_SDRAM_Init)
    HAL_SDRAM_MspInit                        0x08003eb1   Thumb Code    10  fmc.o(i.HAL_SDRAM_MspInit)
    HAL_SDRAM_ProgramRefreshRate             0x08003ebb   Thumb Code    40  stm32f4xx_hal_sdram.o(i.HAL_SDRAM_ProgramRefreshRate)
    HAL_SDRAM_SendCommand                    0x08003ee3   Thumb Code    58  stm32f4xx_hal_sdram.o(i.HAL_SDRAM_SendCommand)
    HAL_SD_ConfigWideBusOperation            0x08003f1d   Thumb Code   168  stm32f4xx_hal_sd.o(i.HAL_SD_ConfigWideBusOperation)
    HAL_SD_GetCardCSD                        0x08003fc5   Thumb Code   496  stm32f4xx_hal_sd.o(i.HAL_SD_GetCardCSD)
    HAL_SD_GetCardInfo                       0x080041b5   Thumb Code    38  stm32f4xx_hal_sd.o(i.HAL_SD_GetCardInfo)
    HAL_SD_GetCardState                      0x080041db   Thumb Code    40  stm32f4xx_hal_sd.o(i.HAL_SD_GetCardState)
    HAL_SD_Init                              0x08004203   Thumb Code    54  stm32f4xx_hal_sd.o(i.HAL_SD_Init)
    HAL_SD_InitCard                          0x08004239   Thumb Code   128  stm32f4xx_hal_sd.o(i.HAL_SD_InitCard)
    HAL_SD_MspInit                           0x080042bd   Thumb Code   108  sdio.o(i.HAL_SD_MspInit)
    HAL_SD_ReadBlocks                        0x08004339   Thumb Code   588  stm32f4xx_hal_sd.o(i.HAL_SD_ReadBlocks)
    HAL_SD_WriteBlocks                       0x08004585   Thumb Code   516  stm32f4xx_hal_sd.o(i.HAL_SD_WriteBlocks)
    HAL_SPI_ErrorCallback                    0x08004789   Thumb Code     2  stm32f4xx_hal_spi.o(i.HAL_SPI_ErrorCallback)
    HAL_SPI_Init                             0x0800478b   Thumb Code   140  stm32f4xx_hal_spi.o(i.HAL_SPI_Init)
    HAL_SPI_MspInit                          0x08004819   Thumb Code   288  spi.o(i.HAL_SPI_MspInit)
    HAL_SPI_Transmit                         0x0800496d   Thumb Code   422  stm32f4xx_hal_spi.o(i.HAL_SPI_Transmit)
    HAL_SPI_Transmit_DMA                     0x08004b15   Thumb Code   208  stm32f4xx_hal_spi.o(i.HAL_SPI_Transmit_DMA)
    HAL_SPI_TxCpltCallback                   0x08004bf1   Thumb Code     2  stm32f4xx_hal_spi.o(i.HAL_SPI_TxCpltCallback)
    HAL_SPI_TxHalfCpltCallback               0x08004bf3   Thumb Code     2  stm32f4xx_hal_spi.o(i.HAL_SPI_TxHalfCpltCallback)
    HAL_SYSTICK_CLKSourceConfig              0x08004bf5   Thumb Code    40  stm32f4xx_hal_cortex.o(i.HAL_SYSTICK_CLKSourceConfig)
    HAL_SYSTICK_Callback                     0x08004c1d   Thumb Code     2  stm32f4xx_hal_cortex.o(i.HAL_SYSTICK_Callback)
    HAL_SYSTICK_Config                       0x08004c1f   Thumb Code    52  stm32f4xx_hal_cortex.o(i.HAL_SYSTICK_Config)
    HAL_SYSTICK_IRQHandler                   0x08004c53   Thumb Code     8  stm32f4xx_hal_cortex.o(i.HAL_SYSTICK_IRQHandler)
    HAL_TIMEx_BreakCallback                  0x08004c5b   Thumb Code     2  stm32f4xx_hal_tim_ex.o(i.HAL_TIMEx_BreakCallback)
    HAL_TIMEx_CommutationCallback            0x08004c5d   Thumb Code     2  stm32f4xx_hal_tim_ex.o(i.HAL_TIMEx_CommutationCallback)
    HAL_TIMEx_ConfigBreakDeadTime            0x08004c5f   Thumb Code   126  stm32f4xx_hal_tim_ex.o(i.HAL_TIMEx_ConfigBreakDeadTime)
    HAL_TIMEx_MasterConfigSynchronization    0x08004cdd   Thumb Code    98  stm32f4xx_hal_tim_ex.o(i.HAL_TIMEx_MasterConfigSynchronization)
    HAL_TIM_Base_Init                        0x08004d3f   Thumb Code    52  stm32f4xx_hal_tim.o(i.HAL_TIM_Base_Init)
    HAL_TIM_Base_MspInit                     0x08004d75   Thumb Code   298  tim.o(i.HAL_TIM_Base_MspInit)
    HAL_TIM_Base_Start_IT                    0x08004eb9   Thumb Code    30  stm32f4xx_hal_tim.o(i.HAL_TIM_Base_Start_IT)
    HAL_TIM_ConfigClockSource                0x08004ed7   Thumb Code   306  stm32f4xx_hal_tim.o(i.HAL_TIM_ConfigClockSource)
    HAL_TIM_IC_CaptureCallback               0x08005009   Thumb Code     2  stm32f4xx_hal_tim.o(i.HAL_TIM_IC_CaptureCallback)
    HAL_TIM_IRQHandler                       0x0800500b   Thumb Code   406  stm32f4xx_hal_tim.o(i.HAL_TIM_IRQHandler)
    HAL_TIM_MspPostInit                      0x080051a1   Thumb Code   116  tim.o(i.HAL_TIM_MspPostInit)
    HAL_TIM_OC_DelayElapsedCallback          0x0800522d   Thumb Code     2  stm32f4xx_hal_tim.o(i.HAL_TIM_OC_DelayElapsedCallback)
    HAL_TIM_OnePulse_Init                    0x0800522f   Thumb Code    76  stm32f4xx_hal_tim.o(i.HAL_TIM_OnePulse_Init)
    HAL_TIM_OnePulse_MspInit                 0x0800527b   Thumb Code     2  stm32f4xx_hal_tim.o(i.HAL_TIM_OnePulse_MspInit)
    HAL_TIM_PWM_ConfigChannel                0x0800527d   Thumb Code   264  stm32f4xx_hal_tim.o(i.HAL_TIM_PWM_ConfigChannel)
    HAL_TIM_PWM_Init                         0x08005385   Thumb Code    52  stm32f4xx_hal_tim.o(i.HAL_TIM_PWM_Init)
    HAL_TIM_PWM_MspInit                      0x080053b9   Thumb Code     2  stm32f4xx_hal_tim.o(i.HAL_TIM_PWM_MspInit)
    HAL_TIM_PWM_PulseFinishedCallback        0x080053bb   Thumb Code     2  stm32f4xx_hal_tim.o(i.HAL_TIM_PWM_PulseFinishedCallback)
    HAL_TIM_PWM_Start                        0x080053bd   Thumb Code    68  stm32f4xx_hal_tim.o(i.HAL_TIM_PWM_Start)
    HAL_TIM_PeriodElapsedCallback            0x08005409   Thumb Code     2  stm32f4xx_hal_tim.o(i.HAL_TIM_PeriodElapsedCallback)
    HAL_TIM_TriggerCallback                  0x0800540b   Thumb Code     2  stm32f4xx_hal_tim.o(i.HAL_TIM_TriggerCallback)
    HAL_UART_ErrorCallback                   0x0800540d   Thumb Code     2  stm32f4xx_hal_uart.o(i.HAL_UART_ErrorCallback)
    HAL_UART_IRQHandler                      0x08005411   Thumb Code   326  stm32f4xx_hal_uart.o(i.HAL_UART_IRQHandler)
    HAL_UART_Init                            0x0800555d   Thumb Code   114  stm32f4xx_hal_uart.o(i.HAL_UART_Init)
    HAL_UART_MspInit                         0x080055d1   Thumb Code    96  usart.o(i.HAL_UART_MspInit)
    HAL_UART_RxCpltCallback                  0x0800563d   Thumb Code     2  stm32f4xx_hal_uart.o(i.HAL_UART_RxCpltCallback)
    HAL_UART_Transmit                        0x0800563f   Thumb Code   214  stm32f4xx_hal_uart.o(i.HAL_UART_Transmit)
    HAL_UART_TxCpltCallback                  0x08005715   Thumb Code     2  stm32f4xx_hal_uart.o(i.HAL_UART_TxCpltCallback)
    HardFault_Handler                        0x08005717   Thumb Code     4  stm32f4xx_it.o(i.HardFault_Handler)
    LOAD_TRACK                               0x080059c1   Thumb Code  6168  main.o(i.LOAD_TRACK)
    MX_ADC1_Init                             0x08007255   Thumb Code    94  adc.o(i.MX_ADC1_Init)
    MX_DMA_Init                              0x080072d1   Thumb Code    52  dma.o(i.MX_DMA_Init)
    MX_FATFS_Init                            0x08007309   Thumb Code    16  fatfs.o(i.MX_FATFS_Init)
    MX_FMC_Init                              0x08007325   Thumb Code   228  fmc.o(i.MX_FMC_Init)
    MX_GPIO_Init                             0x08007421   Thumb Code   688  gpio.o(i.MX_GPIO_Init)
    MX_I2S3_Init                             0x080076f5   Thumb Code    56  i2s.o(i.MX_I2S3_Init)
    MX_SDIO_SD_Init                          0x08007745   Thumb Code    28  sdio.o(i.MX_SDIO_SD_Init)
    MX_SPI1_Init                             0x08007769   Thumb Code    64  spi.o(i.MX_SPI1_Init)
    MX_SPI2_Init                             0x080077c1   Thumb Code    64  spi.o(i.MX_SPI2_Init)
    MX_SPI5_Init                             0x08007819   Thumb Code    64  spi.o(i.MX_SPI5_Init)
    MX_TIM1_Init                             0x08007871   Thumb Code   102  tim.o(i.MX_TIM1_Init)
    MX_TIM2_Init                             0x080078f1   Thumb Code    98  tim.o(i.MX_TIM2_Init)
    MX_TIM3_Init                             0x08007969   Thumb Code   154  tim.o(i.MX_TIM3_Init)
    MX_TIM4_Init                             0x08007a1d   Thumb Code   154  tim.o(i.MX_TIM4_Init)
    MX_TIM7_Init                             0x08007ad1   Thumb Code    64  tim.o(i.MX_TIM7_Init)
    MX_TIM8_Init                             0x08007b29   Thumb Code   234  tim.o(i.MX_TIM8_Init)
    MX_USART1_UART_Init                      0x08007c2d   Thumb Code    50  usart.o(i.MX_USART1_UART_Init)
    MemManage_Handler                        0x08007c79   Thumb Code     4  stm32f4xx_it.o(i.MemManage_Handler)
    NAVIGATOR                                0x08007c7d   Thumb Code   464  main.o(i.NAVIGATOR)
    NMI_Handler                              0x08007e6d   Thumb Code     2  stm32f4xx_it.o(i.NMI_Handler)
    OLED_00_Init                             0x08007ea9   Thumb Code   198  oled.o(i.OLED_00_Init)
    OLED_01_Init                             0x08007f79   Thumb Code   200  oled.o(i.OLED_01_Init)
    OLED_DrawFilledRectangle                 0x08008049   Thumb Code    96  oled.o(i.OLED_DrawFilledRectangle)
    OLED_DrawLine                            0x080080a9   Thumb Code   290  oled.o(i.OLED_DrawLine)
    OLED_DrawPixel                           0x080081cd   Thumb Code   180  oled.o(i.OLED_DrawPixel)
    OLED_Fill                                0x0800828d   Thumb Code    34  oled.o(i.OLED_Fill)
    OLED_GotoXY                              0x080082b9   Thumb Code     8  oled.o(i.OLED_GotoXY)
    OLED_Putc                                0x080082c5   Thumb Code   310  oled.o(i.OLED_Putc)
    OLED_Puts                                0x08008409   Thumb Code    48  oled.o(i.OLED_Puts)
    OLED_Set_Contrast                        0x08008439   Thumb Code    18  oled.o(i.OLED_Set_Contrast)
    OLED_UpdatePart                          0x0800844d   Thumb Code    50  oled.o(i.OLED_UpdatePart)
    OLED_UpdateScreen                        0x08008489   Thumb Code    60  oled.o(i.OLED_UpdateScreen)
    OLED_WRITECOMMAND                        0x080084cd   Thumb Code    24  oled.o(i.OLED_WRITECOMMAND)
    OLED_WriteMulti                          0x080084ed   Thumb Code    28  oled.o(i.OLED_WriteMulti)
    PREPARE_LOAD_TRACK                       0x08008511   Thumb Code   206  main.o(i.PREPARE_LOAD_TRACK)
    PendSV_Handler                           0x0800863d   Thumb Code     2  stm32f4xx_it.o(i.PendSV_Handler)
    PlaylistID_to_Pos                        0x08008641   Thumb Code    40  main.o(i.PlaylistID_to_Pos)
    RAMSCROLL                                0x0800866d   Thumb Code    96  main.o(i.RAMSCROLL)
    REDRAW_TIMESCROLL                        0x080086d9   Thumb Code   214  main.o(i.REDRAW_TIMESCROLL)
    ReDrawScroll                             0x080087bd   Thumb Code   252  main.o(i.ReDrawScroll)
    SDIO_ConfigData                          0x080088c1   Thumb Code    44  stm32f4xx_ll_sdmmc.o(i.SDIO_ConfigData)
    SDIO_GetCommandResponse                  0x080088ed   Thumb Code     8  stm32f4xx_ll_sdmmc.o(i.SDIO_GetCommandResponse)
    SDIO_GetPowerState                       0x080088f5   Thumb Code    10  stm32f4xx_ll_sdmmc.o(i.SDIO_GetPowerState)
    SDIO_GetResponse                         0x080088ff   Thumb Code    22  stm32f4xx_ll_sdmmc.o(i.SDIO_GetResponse)
    SDIO_Init                                0x08008915   Thumb Code    52  stm32f4xx_ll_sdmmc.o(i.SDIO_Init)
    SDIO_PowerState_ON                       0x08008949   Thumb Code    10  stm32f4xx_ll_sdmmc.o(i.SDIO_PowerState_ON)
    SDIO_ReadFIFO                            0x08008953   Thumb Code     8  stm32f4xx_ll_sdmmc.o(i.SDIO_ReadFIFO)
    SDIO_SendCommand                         0x0800895b   Thumb Code    40  stm32f4xx_ll_sdmmc.o(i.SDIO_SendCommand)
    SDIO_WriteFIFO                           0x08008983   Thumb Code    12  stm32f4xx_ll_sdmmc.o(i.SDIO_WriteFIFO)
    SDMMC_CmdAppCommand                      0x0800898f   Thumb Code    58  stm32f4xx_ll_sdmmc.o(i.SDMMC_CmdAppCommand)
    SDMMC_CmdAppOperCommand                  0x080089c9   Thumb Code    56  stm32f4xx_ll_sdmmc.o(i.SDMMC_CmdAppOperCommand)
    SDMMC_CmdBlockLength                     0x08008a05   Thumb Code    58  stm32f4xx_ll_sdmmc.o(i.SDMMC_CmdBlockLength)
    SDMMC_CmdBusWidth                        0x08008a3f   Thumb Code    58  stm32f4xx_ll_sdmmc.o(i.SDMMC_CmdBusWidth)
    SDMMC_CmdGoIdleState                     0x08008a79   Thumb Code    46  stm32f4xx_ll_sdmmc.o(i.SDMMC_CmdGoIdleState)
    SDMMC_CmdOperCond                        0x08008aa7   Thumb Code    54  stm32f4xx_ll_sdmmc.o(i.SDMMC_CmdOperCond)
    SDMMC_CmdReadMultiBlock                  0x08008add   Thumb Code    58  stm32f4xx_ll_sdmmc.o(i.SDMMC_CmdReadMultiBlock)
    SDMMC_CmdReadSingleBlock                 0x08008b17   Thumb Code    58  stm32f4xx_ll_sdmmc.o(i.SDMMC_CmdReadSingleBlock)
    SDMMC_CmdSelDesel                        0x08008b51   Thumb Code    60  stm32f4xx_ll_sdmmc.o(i.SDMMC_CmdSelDesel)
    SDMMC_CmdSendCID                         0x08008b8d   Thumb Code    52  stm32f4xx_ll_sdmmc.o(i.SDMMC_CmdSendCID)
    SDMMC_CmdSendCSD                         0x08008bc1   Thumb Code    52  stm32f4xx_ll_sdmmc.o(i.SDMMC_CmdSendCSD)
    SDMMC_CmdSendSCR                         0x08008bf5   Thumb Code    58  stm32f4xx_ll_sdmmc.o(i.SDMMC_CmdSendSCR)
    SDMMC_CmdSendStatus                      0x08008c2f   Thumb Code    58  stm32f4xx_ll_sdmmc.o(i.SDMMC_CmdSendStatus)
    SDMMC_CmdSetRelAdd                       0x08008c69   Thumb Code    58  stm32f4xx_ll_sdmmc.o(i.SDMMC_CmdSetRelAdd)
    SDMMC_CmdStopTransfer                    0x08008ca5   Thumb Code    56  stm32f4xx_ll_sdmmc.o(i.SDMMC_CmdStopTransfer)
    SDMMC_CmdWriteMultiBlock                 0x08008ce1   Thumb Code    58  stm32f4xx_ll_sdmmc.o(i.SDMMC_CmdWriteMultiBlock)
    SDMMC_CmdWriteSingleBlock                0x08008d1b   Thumb Code    58  stm32f4xx_ll_sdmmc.o(i.SDMMC_CmdWriteSingleBlock)
    SD_initialize                            0x08009509   Thumb Code    34  sd_diskio.o(i.SD_initialize)
    SD_ioctl                                 0x08009531   Thumb Code   100  sd_diskio.o(i.SD_ioctl)
    SD_read                                  0x08009599   Thumb Code    64  sd_diskio.o(i.SD_read)
    SD_status                                0x080095e1   Thumb Code    34  sd_diskio.o(i.SD_status)
    SD_write                                 0x08009609   Thumb Code    64  sd_diskio.o(i.SD_write)
    SPI3_IRQHandler                          0x08009651   Thumb Code  2266  main.o(i.SPI3_IRQHandler)
    SVC_Handler                              0x0800a0ab   Thumb Code     2  stm32f4xx_it.o(i.SVC_Handler)
    ShowBPM                                  0x0800a0ad   Thumb Code   184  main.o(i.ShowBPM)
    ShowTempo                                0x0800a185   Thumb Code   336  main.o(i.ShowTempo)
    ShowTrackNumber                          0x0800a309   Thumb Code    82  main.o(i.ShowTrackNumber)
    SwitchInformationLayer                   0x0800a375   Thumb Code  1428  main.o(i.SwitchInformationLayer)
    SysTick_Handler                          0x0800a931   Thumb Code    12  stm32f4xx_it.o(i.SysTick_Handler)
    SystemClock_Config                       0x0800a93d   Thumb Code   246  main.o(i.SystemClock_Config)
    SystemInit                               0x0800aa4d   Thumb Code    82  system_stm32f4xx.o(i.SystemInit)
    TIM1_UP_TIM10_IRQHandler                 0x0800aab1   Thumb Code  4116  main.o(i.TIM1_UP_TIM10_IRQHandler)
    TIM7_IRQHandler                          0x0800bb1d   Thumb Code    18  main.o(i.TIM7_IRQHandler)
    TIM_Base_SetConfig                       0x0800bb39   Thumb Code   184  stm32f4xx_hal_tim.o(i.TIM_Base_SetConfig)
    TIM_CCxChannelCmd                        0x0800bc1d   Thumb Code    28  stm32f4xx_hal_tim.o(i.TIM_CCxChannelCmd)
    TIM_OC2_SetConfig                        0x0800bcd5   Thumb Code   112  stm32f4xx_hal_tim.o(i.TIM_OC2_SetConfig)
    USART1_IRQHandler                        0x0800c3a5   Thumb Code   148  main.o(i.USART1_IRQHandler)
    UsageFault_Handler                       0x0800c451   Thumb Code     4  stm32f4xx_it.o(i.UsageFault_Handler)
    _Error_Handler                           0x0800c455   Thumb Code     4  main.o(i._Error_Handler)
    __0sprintf$6                             0x0800c459   Thumb Code    34  printf6.o(i.__0sprintf$6)
    __1sprintf$6                             0x0800c459   Thumb Code     0  printf6.o(i.__0sprintf$6)
    __2sprintf                               0x0800c459   Thumb Code     0  printf6.o(i.__0sprintf$6)
    __scatterload_copy                       0x0800c481   Thumb Code    14  handlers.o(i.__scatterload_copy)
    __scatterload_null                       0x0800c48f   Thumb Code     2  handlers.o(i.__scatterload_null)
    __scatterload_zeroinit                   0x0800c491   Thumb Code    14  handlers.o(i.__scatterload_zeroinit)
    clust2sect                               0x0800c9b1   Thumb Code    38  ff.o(i.clust2sect)
    disk_initialize                          0x0800d419   Thumb Code    40  diskio.o(i.disk_initialize)
    disk_ioctl                               0x0800d445   Thumb Code    36  diskio.o(i.disk_ioctl)
    disk_read                                0x0800d46d   Thumb Code    42  diskio.o(i.disk_read)
    disk_status                              0x0800d49d   Thumb Code    24  diskio.o(i.disk_status)
    disk_write                               0x0800d4b9   Thumb Code    42  diskio.o(i.disk_write)
    f_close                                  0x0800d511   Thumb Code    50  ff.o(i.f_close)
    f_getfree                                0x0800d543   Thumb Code   298  ff.o(i.f_getfree)
    f_lseek                                  0x0800d66d   Thumb Code  1116  ff.o(i.f_lseek)
    f_mount                                  0x0800dac9   Thumb Code   100  ff.o(i.f_mount)
    f_open                                   0x0800db31   Thumb Code   548  ff.o(i.f_open)
    f_read                                   0x0800dd5d   Thumb Code   742  ff.o(i.f_read)
    f_sync                                   0x0800e045   Thumb Code   246  ff.o(i.f_sync)
    ff_convert                               0x0800e141   Thumb Code    14  main.o(i.ff_convert)
    ff_wtoupper                              0x0800e14f   Thumb Code    26  main.o(i.ff_wtoupper)
    free                                     0x0800e719   Thumb Code    76  malloc.o(i.free)
    get_fat                                  0x0800e81d   Thumb Code   356  ff.o(i.get_fat)
    int_B1_DRAW_ONE_LINE                     0x0800eabd   Thumb Code   252  main.o(i.int_B1_DRAW_ONE_LINE)
    int_BIx_DRAW_ALL_LINES                   0x0800ebcd   Thumb Code   476  main.o(i.int_BIx_DRAW_ALL_LINES)
    int_B_DRAW_ONE_LINE                      0x0800edd9   Thumb Code   240  main.o(i.int_B_DRAW_ONE_LINE)
    int_DRAW_CUR_TN                          0x0800eee9   Thumb Code   260  main.o(i.int_DRAW_CUR_TN)
    main                                     0x0800f039   Thumb Code  7726  main.o(i.main)
    malloc                                   0x08010e91   Thumb Code    92  malloc.o(i.malloc)
    put_fat                                  0x08010f8f   Thumb Code   446  ff.o(i.put_fat)
    SD_Driver                                0x080113e8   Data          20  sd_diskio.o(.constdata)
    COLOR_MAP_RATING                         0x080114b8   Data          36  main.o(.constdata)
    Font7x10                                 0x08011544   Data         950  fonts.o(.constdata)
    FontCDJ900                               0x080118fa   Data         686  fonts.o(.constdata)
    startup00                                0x08011ba8   Data        1024  oled.o(.constdata)
    startup01                                0x08011fa8   Data        1024  oled.o(.constdata)
    FNT7x10P                                 0x080123a8   Data          95  oled.o(.constdata)
    CDJ900Font                               0x08012407   Data          98  oled.o(.constdata)
    AHBPrescTable                            0x08012469   Data          16  system_stm32f4xx.o(.constdata)
    APBPrescTable                            0x08012479   Data           8  system_stm32f4xx.o(.constdata)
    Region$$Table$$Base                      0x08012484   Number         0  anon$$obj.o(Region$$Table)
    Region$$Table$$Limit                     0x080124a4   Number         0  anon$$obj.o(Region$$Table)
    uwTick                                   0x20000000   Data           4  stm32f4xx_hal.o(.data)
    retSD                                    0x2000000e   Data           1  fatfs.o(.data)
    SD_Path                                  0x2000000f   Data           4  fatfs.o(.data)
    c0r                                      0x2000001c   Data           4  main.o(.data)
    c1r                                      0x20000020   Data           4  main.o(.data)
    c2r                                      0x20000024   Data           4  main.o(.data)
    c3r                                      0x20000028   Data           4  main.o(.data)
    r0r                                      0x2000002c   Data           4  main.o(.data)
    r1r                                      0x20000030   Data           4  main.o(.data)
    r2r                                      0x20000034   Data           4  main.o(.data)
    r3r                                      0x20000038   Data           4  main.o(.data)
    even1r                                   0x2000003c   Data           4  main.o(.data)
    even2r                                   0x20000040   Data           4  main.o(.data)
    odd1r                                    0x20000044   Data           4  main.o(.data)
    odd2r                                    0x20000048   Data           4  main.o(.data)
    c0l                                      0x2000004c   Data           4  main.o(.data)
    c1l                                      0x20000050   Data           4  main.o(.data)
    c2l                                      0x20000054   Data           4  main.o(.data)
    c3l                                      0x20000058   Data           4  main.o(.data)
    r0l                                      0x2000005c   Data           4  main.o(.data)
    r1l                                      0x20000060   Data           4  main.o(.data)
    r2l                                      0x20000064   Data           4  main.o(.data)
    r3l                                      0x20000068   Data           4  main.o(.data)
    even1l                                   0x2000006c   Data           4  main.o(.data)
    even2l                                   0x20000070   Data           4  main.o(.data)
    odd1l                                    0x20000074   Data           4  main.o(.data)
    odd2l                                    0x20000078   Data           4  main.o(.data)
    end_adr_valid_data                       0x2000007c   Data           2  main.o(.data)
    play_adr                                 0x200000a0   Data           4  main.o(.data)
    part                                     0x200000a4   Data           1  main.o(.data)
    reverse                                  0x200000a5   Data           1  main.o(.data)
    pitch                                    0x200000a6   Data           2  main.o(.data)
    position                                 0x200000a8   Data           4  main.o(.data)
    step_position                            0x200000ac   Data           2  main.o(.data)
    sdram_adr                                0x200000b0   Data           4  main.o(.data)
    all_long                                 0x200000b4   Data           4  main.o(.data)
    offset_adress                            0x200000b8   Data           1  main.o(.data)
    PCM_2                                    0x200000ba   Data           4  main.o(.data)
    SAMPLE_BUFFER                            0x200000c0   Data           4  main.o(.data)
    T                                        0x200000c4   Data           4  main.o(.data)
    play_enable                              0x200000c8   Data           1  main.o(.data)
    potenciometer_tempo                      0x200000cc   Data           4  main.o(.data)
    previous_potenciometer_tempo             0x200000d0   Data           4  main.o(.data)
    tempo_need_update                        0x200000d4   Data           1  main.o(.data)
    res                                      0x200000d5   Data           1  main.o(.data)
    nbytes                                   0x200000d8   Data           4  main.o(.data)
    SD_STATUS                                0x200000dc   Data           1  main.o(.data)
    free_mem                                 0x200000e0   Data           4  main.o(.data)
    used_mem                                 0x200000e4   Data           4  main.o(.data)
    file_size                                0x200000e8   Data           4  main.o(.data)
    N                                        0x200000ec   Data           4  main.o(.data)
    y                                        0x200000f0   Data           4  main.o(.data)
    previous_ram                             0x200000f4   Data           1  main.o(.data)
    previous_time_pos                        0x200000f5   Data           1  main.o(.data)
    need_update_oled0                        0x200000f6   Data           1  main.o(.data)
    need_update_oled1                        0x200000f7   Data           1  main.o(.data)
    GRID_OFFSET                              0x200000f8   Data           1  main.o(.data)
    SDCARD_NAME                              0x200000f9   Data          20  main.o(.data)
    SD_DATE                                  0x2000010d   Data          15  main.o(.data)
    TOTAL_TRACKS                             0x2000011c   Data           2  main.o(.data)
    TOTAL_TRACKS_IN_CURRENT_PLAYLIST         0x2000011e   Data           2  main.o(.data)
    TRACK_PLAY_IN_CURRENT_PLAYLIST           0x20000120   Data           2  main.o(.data)
    track_play_now                           0x20000122   Data           2  main.o(.data)
    _TRACK_NUMBER                            0x20000124   Data           2  main.o(.data)
    _TRACK_IN_PLAYLIST                       0x20000126   Data           2  main.o(.data)
    need_load_track                          0x20000128   Data           1  main.o(.data)
    path_export                              0x20000129   Data          32  main.o(.data)
    TOTAL_TRACKLISTS                         0x20000149   Data           1  main.o(.data)
    originalBPM                              0x2000014a   Data           2  main.o(.data)
    JUMP_SAMPL                               0x2000014c   Data           4  main.o(.data)
    HCUE_COLOR                               0x20000150   Data          32  main.o(.data)
    HCUE_adr                                 0x20000170   Data          64  main.o(.data)
    MEMORY_adr                               0x200001b0   Data          80  main.o(.data)
    HCUE_type                                0x20000200   Data           8  main.o(.data)
    number_of_hot_cue_points                 0x20000208   Data           1  main.o(.data)
    number_of_memory_cue_points              0x20000209   Data           1  main.o(.data)
    TC_REVERSE                               0x2000020a   Data           1  main.o(.data)
    TC_PERIOD                                0x2000020c   Data           4  main.o(.data)
    TC_AV_PERIOD                             0x20000210   Data           4  main.o(.data)
    TIM_PERIOD                               0x20000214   Data           1  main.o(.data)
    wfmzoom                                  0x20000215   Data           1  main.o(.data)
    wfmpos                                   0x20000218   Data           4  main.o(.data)
    previous_wfmpos                          0x2000021c   Data           4  main.o(.data)
    timepos                                  0x20000220   Data           4  main.o(.data)
    previous_timepos                         0x20000224   Data           4  main.o(.data)
    wpos                                     0x20000228   Data           4  main.o(.data)
    wf_ofs                                   0x2000022c   Data           2  main.o(.data)
    a_div_v                                  0x20000230   Data           4  main.o(.data)
    dSHOW                                    0x20000234   Data           1  main.o(.data)
    ScrollLong                               0x20000235   Data           1  main.o(.data)
    ScrollPosition                           0x20000236   Data           1  main.o(.data)
    B0CurrentCursorPosition                  0x20000237   Data           1  main.o(.data)
    B1CurrentCursorPosition                  0x20000238   Data           1  main.o(.data)
    BCurrentPlaylistPosition                 0x2000023a   Data           2  main.o(.data)
    BCurrentTrackPosition                    0x2000023c   Data           2  main.o(.data)
    need_animation                           0x2000023e   Data           1  main.o(.data)
    prev_need_animation                      0x2000023f   Data           1  main.o(.data)
    step_animation                           0x20000240   Data           1  main.o(.data)
    DU                                       0x20000241   Data           1  main.o(.data)
    current_time_animation                   0x20000244   Data           4  main.o(.data)
    start_time_animation                     0x20000248   Data           4  main.o(.data)
    direct_animation                         0x2000024c   Data           1  main.o(.data)
    next_DSHOW                               0x2000024d   Data           1  main.o(.data)
    BROWSE_LEVEL                             0x2000024e   Data           1  main.o(.data)
    LEDS_REGISTER                            0x2000024f   Data           1  main.o(.data)
    LEDS_LOAD_CNT                            0x20000250   Data           1  main.o(.data)
    PAD_BUF                                  0x20000251   Data         100  main.o(.data)
    need_load_rgb                            0x200002b5   Data           1  main.o(.data)
    load_rgb_prev_tim                        0x200002b8   Data           4  main.o(.data)
    load_rgb_tim                             0x200002bc   Data           4  main.o(.data)
    PADS_MODE                                0x200002c0   Data           1  main.o(.data)
    previous_PADS_MODE                       0x200002c1   Data           1  main.o(.data)
    reblink_tim                              0x200002c2   Data           1  main.o(.data)
    blink_pad                                0x200002c3   Data           1  main.o(.data)
    usart_data_cnt                           0x200002c4   Data           1  main.o(.data)
    usart_new_data                           0x200002c5   Data           1  main.o(.data)
    m                                        0x200002c6   Data           1  main.o(.data)
    usart_timeout                            0x200002c8   Data           4  main.o(.data)
    uart_tmp                                 0x200002cc   Data           2  main.o(.data)
    ptch                                     0x200002d0   Data           4  main.o(.data)
    TIM1_DIV                                 0x200002d4   Data           1  main.o(.data)
    enc_prev_dir                             0x200002d5   Data           1  main.o(.data)
    enc_prev_time                            0x200002d8   Data           4  main.o(.data)
    enc_need_up                              0x200002dc   Data           1  main.o(.data)
    enc_need_down                            0x200002dd   Data           1  main.o(.data)
    enc_time                                 0x200002e0   Data           4  main.o(.data)
    enc_curr_time                            0x200002e4   Data           4  main.o(.data)
    ADC_DATA                                 0x200002e8   Data          10  main.o(.data)
    ADC_TEMP                                 0x200002f4   Data           4  main.o(.data)
    previous_adc_pitch                       0x200002f8   Data           2  main.o(.data)
    BUTTONS_0                                0x200002fa   Data           2  main.o(.data)
    BUTTONS_1                                0x200002fc   Data           2  main.o(.data)
    BUTTONS_2                                0x200002fe   Data           1  main.o(.data)
    BUTTONS_3                                0x200002ff   Data           1  main.o(.data)
    FREE_MODE                                0x20000300   Data           1  main.o(.data)
    tempo_range                              0x20000301   Data           1  main.o(.data)
    tempo_reset                              0x20000302   Data           1  main.o(.data)
    lock_control                             0x20000303   Data           1  main.o(.data)
    BTN_LOAD                                 0x20000304   Data           1  main.o(.data)
    BTN_BACK                                 0x20000305   Data           1  main.o(.data)
    DAC_CONFIGURATION                        0x2000030a   Data           8  main.o(.data)
    Font_7x10                                0x20000314   Data           8  fonts.o(.data)
    Font_CDJ900                              0x2000031c   Data           8  fonts.o(.data)
    OLED_RAM_SELECT                          0x20000324   Data           1  oled.o(.data)
    SystemCoreClock                          0x2000032c   Data           4  system_stm32f4xx.o(.data)
    __microlib_freelist                      0x20000330   Data           4  mvars.o(.data)
    __microlib_freelist_initialised          0x20000334   Data           4  mvars.o(.data)
    disk                                     0x20000550   Data          12  ff_gen_drv.o(.bss)
    htim1                                    0x2000055c   Data          60  tim.o(.bss)
    htim2                                    0x20000598   Data          60  tim.o(.bss)
    htim3                                    0x200005d4   Data          60  tim.o(.bss)
    htim4                                    0x20000610   Data          60  tim.o(.bss)
    htim7                                    0x2000064c   Data          60  tim.o(.bss)
    htim8                                    0x20000688   Data          60  tim.o(.bss)
    hi2s3                                    0x200006c4   Data          72  i2s.o(.bss)
    hspi1                                    0x2000070c   Data          88  spi.o(.bss)
    hspi2                                    0x20000764   Data          88  spi.o(.bss)
    hspi5                                    0x200007bc   Data          88  spi.o(.bss)
    hdma_spi1_tx                             0x20000814   Data          96  spi.o(.bss)
    huart1                                   0x20000874   Data          64  usart.o(.bss)
    hsdram1                                  0x200008b4   Data          52  fmc.o(.bss)
    LR                                       0x200008e8   Data          16  main.o(.bss)
    file                                     0x200008f8   Data        4140  main.o(.bss)
    finfo                                    0x20001924   Data          32  main.o(.bss)
    FAT                                      0x20001944   Data        4144  main.o(.bss)
    Buf                                      0x20002974   Data          24  main.o(.bss)
    WFORMDYNAMIC                             0x2000298c   Data       90000  main.o(.bss)
    BEATGRID                                 0x2001891c   Data        8192  main.o(.bss)
    BPMGRID                                  0x2001a91c   Data        4096  main.o(.bss)
    ST_WFORM                                 0x2001b91c   Data          62  main.o(.bss)
    parcser_adress                           0x2001b95c   Data        2048  main.o(.bss)
    KEYS                                     0x2001c15c   Data         100  main.o(.bss)
    TRACKS_DATABASE                          0x2001c1c0   Data        2048  main.o(.bss)
    TRACKLIST_NAME                           0x2001c9c0   Data         420  main.o(.bss)
    TRACKLIST_OFFSET                         0x2001cb64   Data          40  main.o(.bss)
    MEMORY_type                              0x2001cb8c   Data          10  main.o(.bss)
    U_RX_DATA                                0x2001cb96   Data          16  main.o(.bss)
    U_TX_DATA                                0x2001cba6   Data          64  main.o(.bss)
    hsd                                      0x2001cbe8   Data         132  sdio.o(.bss)
    hadc1                                    0x2001cc6c   Data          72  adc.o(.bss)
    OLED_BUF                                 0x2001ccb4   Data        2048  oled.o(.bss)
    __heap_base                              0x2001d4b8   Data           0  startup_stm32f429xx.o(HEAP)
    __heap_limit                             0x2001dcb8   Data           0  startup_stm32f429xx.o(HEAP)
    __initial_sp                             0x2001ecb8   Data           0  startup_stm32f429xx.o(STACK)
    PCM                                      0xd0000000   Data       67043328  main.o(.ARM.__AT_0xD0000000)
    playlist                                 0xd3ff0000   Data       28160  main.o(.ARM.__AT_0xD3FF0000)
    original_tempo                           0xd3ff6e00   Data        1024  main.o(.ARM.__AT_0xD3FF6E00)
    rating                                   0xd3ff7200   Data        1024  main.o(.ARM.__AT_0xD3FF7200)
    duration                                 0xd3ff7600   Data        1024  main.o(.ARM.__AT_0xD3FF7600)
    key_id                                   0xd3ff7a00   Data         512  main.o(.ARM.__AT_0xD3FF7A00)



==============================================================================

Memory Map of the image

  Image Entry point : 0x080001ad

  Load Region LR_IROM1 (Base: 0x08000000, Size: 0x000127dc, Max: 0x00100000, ABSOLUTE, COMPRESSED[0x00012560])

    Execution Region ER_IROM1 (Exec base: 0x08000000, Load base: 0x08000000, Size: 0x000124a4, Max: 0x00100000, ABSOLUTE)

    Exec Addr    Load Addr    Size         Type   Attr      Idx    E Section Name        Object

    0x08000000   0x08000000   0x000001ac   Data   RO            3    RESET               startup_stm32f429xx.o
    0x080001ac   0x080001ac   0x00000000   Code   RO         6016  * .ARM.Collect$$$$00000000  mc_w.l(entry.o)
    0x080001ac   0x080001ac   0x00000004   Code   RO         6312    .ARM.Collect$$$$00000001  mc_w.l(entry2.o)
    0x080001b0   0x080001b0   0x00000004   Code   RO         6315    .ARM.Collect$$$$00000004  mc_w.l(entry5.o)
    0x080001b4   0x080001b4   0x00000000   Code   RO         6317    .ARM.Collect$$$$00000008  mc_w.l(entry7b.o)
    0x080001b4   0x080001b4   0x00000000   Code   RO         6319    .ARM.Collect$$$$0000000A  mc_w.l(entry8b.o)
    0x080001b4   0x080001b4   0x00000008   Code   RO         6320    .ARM.Collect$$$$0000000B  mc_w.l(entry9a.o)
    0x080001bc   0x080001bc   0x00000004   Code   RO         6327    .ARM.Collect$$$$0000000E  mc_w.l(entry12b.o)
    0x080001c0   0x080001c0   0x00000000   Code   RO         6322    .ARM.Collect$$$$0000000F  mc_w.l(entry10a.o)
    0x080001c0   0x080001c0   0x00000000   Code   RO         6324    .ARM.Collect$$$$00000011  mc_w.l(entry11a.o)
    0x080001c0   0x080001c0   0x00000004   Code   RO         6313    .ARM.Collect$$$$00002712  mc_w.l(entry2.o)
    0x080001c4   0x080001c4   0x00000024   Code   RO            4    .text               startup_stm32f429xx.o
    0x080001e8   0x080001e8   0x00000024   Code   RO         6019    .text               mc_w.l(memseta.o)
    0x0800020c   0x0800020c   0x0000002c   Code   RO         6331    .text               mc_w.l(uidiv.o)
    0x08000238   0x08000238   0x00000024   Code   RO         6352    .text               mc_w.l(init.o)
    0x0800025c   0x0800025c   0x00000056   Code   RO         6372    .text               mc_w.l(__dczerorl2.o)
    0x080002b2   0x080002b2   0x00000002   PAD
    0x080002b4   0x080002b4   0x0000016c   Code   RO         1825    i.ADC_Init          stm32f4xx_hal_adc.o
    0x08000420   0x08000420   0x0000001c   Code   RO         5350    i.ADC_SELECT_CH     main.o
    0x0800043c   0x0800043c   0x00000038   Code   RO         5351    i.BLINK_INTERFACE   main.o
    0x08000474   0x08000474   0x00000014   Code   RO         5069    i.BSP_SD_GetCardInfo  bsp_driver_sd.o
    0x08000488   0x08000488   0x00000018   Code   RO         5070    i.BSP_SD_GetCardState  bsp_driver_sd.o
    0x080004a0   0x080004a0   0x00000030   Code   RO         5073    i.BSP_SD_Init       bsp_driver_sd.o
    0x080004d0   0x080004d0   0x0000000c   Code   RO         5074    i.BSP_SD_IsDetected  bsp_driver_sd.o
    0x080004dc   0x080004dc   0x00000030   Code   RO         5075    i.BSP_SD_ReadBlocks  bsp_driver_sd.o
    0x0800050c   0x0800050c   0x00000030   Code   RO         5077    i.BSP_SD_WriteBlocks  bsp_driver_sd.o
    0x0800053c   0x0800053c   0x00000004   Code   RO         5215    i.BusFault_Handler  stm32f4xx_it.o
    0x08000540   0x08000540   0x000001c0   Code   RO         5352    i.CLEAR_DB_VARIABLES  main.o
    0x08000700   0x08000700   0x000001e8   Code   RO         5353    i.COLOR_SET         main.o
    0x080008e8   0x080008e8   0x00000048   Code   RO         5808    i.COPY_LOGO         oled.o
    0x08000930   0x08000930   0x000000b0   Code   RO         5354    i.DAC_INIT          main.o
    0x080009e0   0x080009e0   0x00000fc4   Code   RO         5355    i.DATABASE_PARSER   main.o
    0x080019a4   0x080019a4   0x00000010   Code   RO         5216    i.DMA2_Stream3_IRQHandler  stm32f4xx_it.o
    0x080019b4   0x080019b4   0x00000034   Code   RO         3867    i.DMA_CalcBaseAndBitshift  stm32f4xx_hal_dma.o
    0x080019e8   0x080019e8   0x000000aa   Code   RO         3868    i.DMA_CheckFifoParam  stm32f4xx_hal_dma.o
    0x08001a92   0x08001a92   0x0000002c   Code   RO         3869    i.DMA_SetConfig     stm32f4xx_hal_dma.o
    0x08001abe   0x08001abe   0x00000002   Code   RO         5217    i.DebugMon_Handler  stm32f4xx_it.o
    0x08001ac0   0x08001ac0   0x0000016c   Code   RO         5356    i.DrawMemoryMarker  main.o
    0x08001c2c   0x08001c2c   0x00000070   Code   RO         5357    i.DrawMinuteMarkers  main.o
    0x08001c9c   0x08001c9c   0x0000006c   Code   RO         5358    i.DrawNewEmpty_TIMESCROLL  main.o
    0x08001d08   0x08001d08   0x00000064   Code   RO         5359    i.EXTI0_IRQHandler  main.o
    0x08001d6c   0x08001d6c   0x000000ac   Code   RO         5360    i.EXTI2_IRQHandler  main.o
    0x08001e18   0x08001e18   0x00000012   Code   RO         4746    i.FATFS_LinkDriver  ff_gen_drv.o
    0x08001e2a   0x08001e2a   0x00000002   PAD
    0x08001e2c   0x08001e2c   0x00000054   Code   RO         4747    i.FATFS_LinkDriverEx  ff_gen_drv.o
    0x08001e80   0x08001e80   0x00000074   Code   RO         1239    i.FMC_SDRAM_Init    stm32f4xx_ll_fmc.o
    0x08001ef4   0x08001ef4   0x0000000e   Code   RO         1240    i.FMC_SDRAM_ProgramRefreshRate  stm32f4xx_ll_fmc.o
    0x08001f02   0x08001f02   0x00000052   Code   RO         1241    i.FMC_SDRAM_SendCommand  stm32f4xx_ll_fmc.o
    0x08001f54   0x08001f54   0x0000009c   Code   RO         1243    i.FMC_SDRAM_Timing_Init  stm32f4xx_ll_fmc.o
    0x08001ff0   0x08001ff0   0x00000084   Code   RO         5361    i.GET_SD_INFO       main.o
    0x08002074   0x08002074   0x00000194   Code   RO         1827    i.HAL_ADC_ConfigChannel  stm32f4xx_hal_adc.o
    0x08002208   0x08002208   0x00000008   Code   RO         1834    i.HAL_ADC_GetValue  stm32f4xx_hal_adc.o
    0x08002210   0x08002210   0x00000068   Code   RO         1836    i.HAL_ADC_Init      stm32f4xx_hal_adc.o
    0x08002278   0x08002278   0x00000054   Code   RO         5736    i.HAL_ADC_MspInit   adc.o
    0x080022cc   0x080022cc   0x00000100   Code   RO         1842    i.HAL_ADC_Start     stm32f4xx_hal_adc.o
    0x080023cc   0x080023cc   0x00000028   Code   RO         3871    i.HAL_DMA_Abort_IT  stm32f4xx_hal_dma.o
    0x080023f4   0x080023f4   0x00000248   Code   RO         3875    i.HAL_DMA_IRQHandler  stm32f4xx_hal_dma.o
    0x0800263c   0x0800263c   0x000000ec   Code   RO         3876    i.HAL_DMA_Init      stm32f4xx_hal_dma.o
    0x08002728   0x08002728   0x0000009e   Code   RO         3880    i.HAL_DMA_Start_IT  stm32f4xx_hal_dma.o
    0x080027c6   0x080027c6   0x0000001e   Code   RO         1406    i.HAL_Delay         stm32f4xx_hal.o
    0x080027e4   0x080027e4   0x00000108   Code   RO         5298    i.HAL_FMC_MspInit   fmc.o
    0x080028ec   0x080028ec   0x00000002   Code   RO         1607    i.HAL_GPIO_EXTI_Callback  stm32f4xx_hal_gpio.o
    0x080028ee   0x080028ee   0x00000002   PAD
    0x080028f0   0x080028f0   0x0000001c   Code   RO         1608    i.HAL_GPIO_EXTI_IRQHandler  stm32f4xx_hal_gpio.o
    0x0800290c   0x0800290c   0x0000021c   Code   RO         1609    i.HAL_GPIO_Init     stm32f4xx_hal_gpio.o
    0x08002b28   0x08002b28   0x00000010   Code   RO         1611    i.HAL_GPIO_ReadPin  stm32f4xx_hal_gpio.o
    0x08002b38   0x08002b38   0x0000000c   Code   RO         1613    i.HAL_GPIO_WritePin  stm32f4xx_hal_gpio.o
    0x08002b44   0x08002b44   0x0000000c   Code   RO         1414    i.HAL_GetTick       stm32f4xx_hal.o
    0x08002b50   0x08002b50   0x0000028c   Code   RO         2010    i.HAL_I2SEx_FullDuplex_IRQHandler  stm32f4xx_hal_i2s_ex.o
    0x08002ddc   0x08002ddc   0x00000002   Code   RO         2014    i.HAL_I2SEx_TxRxCpltCallback  stm32f4xx_hal_i2s_ex.o
    0x08002dde   0x08002dde   0x00000002   Code   RO           17    i.HAL_I2S_ErrorCallback  stm32f4xx_hal_i2s.o
    0x08002de0   0x08002de0   0x0000000c   Code   RO           20    i.HAL_I2S_IRQHandler  stm32f4xx_hal_i2s.o
    0x08002dec   0x08002dec   0x000001c4   Code   RO           21    i.HAL_I2S_Init      stm32f4xx_hal_i2s.o
    0x08002fb0   0x08002fb0   0x000000c4   Code   RO         4875    i.HAL_I2S_MspInit   i2s.o
    0x08003074   0x08003074   0x00000002   Code   RO           27    i.HAL_I2S_RxCpltCallback  stm32f4xx_hal_i2s.o
    0x08003076   0x08003076   0x00000098   Code   RO           31    i.HAL_I2S_Transmit_IT  stm32f4xx_hal_i2s.o
    0x0800310e   0x0800310e   0x00000002   Code   RO           32    i.HAL_I2S_TxCpltCallback  stm32f4xx_hal_i2s.o
    0x08003110   0x08003110   0x00000010   Code   RO         1416    i.HAL_IncTick       stm32f4xx_hal.o
    0x08003120   0x08003120   0x0000003c   Code   RO         1417    i.HAL_Init          stm32f4xx_hal.o
    0x0800315c   0x0800315c   0x00000028   Code   RO         1418    i.HAL_InitTick      stm32f4xx_hal.o
    0x08003184   0x08003184   0x00000056   Code   RO         4986    i.HAL_MspInit       stm32f4xx_hal_msp.o
    0x080031da   0x080031da   0x0000001a   Code   RO         3401    i.HAL_NVIC_EnableIRQ  stm32f4xx_hal_cortex.o
    0x080031f4   0x080031f4   0x0000007c   Code   RO         3407    i.HAL_NVIC_SetPriority  stm32f4xx_hal_cortex.o
    0x08003270   0x08003270   0x00000028   Code   RO         3408    i.HAL_NVIC_SetPriorityGrouping  stm32f4xx_hal_cortex.o
    0x08003298   0x08003298   0x000000a4   Code   RO         2089    i.HAL_PWREx_EnableOverDrive  stm32f4xx_hal_pwr_ex.o
    0x0800333c   0x0800333c   0x00000090   Code   RO         1565    i.HAL_RCCEx_GetPeriphCLKFreq  stm32f4xx_hal_rcc_ex.o
    0x080033cc   0x080033cc   0x00000370   Code   RO         1566    i.HAL_RCCEx_PeriphCLKConfig  stm32f4xx_hal_rcc_ex.o
    0x0800373c   0x0800373c   0x000001d0   Code   RO         2520    i.HAL_RCC_ClockConfig  stm32f4xx_hal_rcc.o
    0x0800390c   0x0800390c   0x0000000c   Code   RO         2525    i.HAL_RCC_GetHCLKFreq  stm32f4xx_hal_rcc.o
    0x08003918   0x08003918   0x0000002c   Code   RO         2527    i.HAL_RCC_GetPCLK1Freq  stm32f4xx_hal_rcc.o
    0x08003944   0x08003944   0x0000002c   Code   RO         2528    i.HAL_RCC_GetPCLK2Freq  stm32f4xx_hal_rcc.o
    0x08003970   0x08003970   0x000000b4   Code   RO         2529    i.HAL_RCC_GetSysClockFreq  stm32f4xx_hal_rcc.o
    0x08003a24   0x08003a24   0x0000044c   Code   RO         2532    i.HAL_RCC_OscConfig  stm32f4xx_hal_rcc.o
    0x08003e70   0x08003e70   0x00000040   Code   RO         3246    i.HAL_SDRAM_Init    stm32f4xx_hal_sdram.o
    0x08003eb0   0x08003eb0   0x0000000a   Code   RO         5300    i.HAL_SDRAM_MspInit  fmc.o
    0x08003eba   0x08003eba   0x00000028   Code   RO         3249    i.HAL_SDRAM_ProgramRefreshRate  stm32f4xx_hal_sdram.o
    0x08003ee2   0x08003ee2   0x0000003a   Code   RO         3255    i.HAL_SDRAM_SendCommand  stm32f4xx_hal_sdram.o
    0x08003f1c   0x08003f1c   0x000000a8   Code   RO          967    i.HAL_SD_ConfigWideBusOperation  stm32f4xx_hal_sd.o
    0x08003fc4   0x08003fc4   0x000001f0   Code   RO          972    i.HAL_SD_GetCardCSD  stm32f4xx_hal_sd.o
    0x080041b4   0x080041b4   0x00000026   Code   RO          973    i.HAL_SD_GetCardInfo  stm32f4xx_hal_sd.o
    0x080041da   0x080041da   0x00000028   Code   RO          974    i.HAL_SD_GetCardState  stm32f4xx_hal_sd.o
    0x08004202   0x08004202   0x00000036   Code   RO          979    i.HAL_SD_Init       stm32f4xx_hal_sd.o
    0x08004238   0x08004238   0x00000084   Code   RO          980    i.HAL_SD_InitCard   stm32f4xx_hal_sd.o
    0x080042bc   0x080042bc   0x0000007c   Code   RO         5670    i.HAL_SD_MspInit    sdio.o
    0x08004338   0x08004338   0x0000024c   Code   RO          983    i.HAL_SD_ReadBlocks  stm32f4xx_hal_sd.o
    0x08004584   0x08004584   0x00000204   Code   RO          988    i.HAL_SD_WriteBlocks  stm32f4xx_hal_sd.o
    0x08004788   0x08004788   0x00000002   Code   RO         2203    i.HAL_SPI_ErrorCallback  stm32f4xx_hal_spi.o
    0x0800478a   0x0800478a   0x0000008c   Code   RO         2207    i.HAL_SPI_Init      stm32f4xx_hal_spi.o
    0x08004816   0x08004816   0x00000002   PAD
    0x08004818   0x08004818   0x00000154   Code   RO         5011    i.HAL_SPI_MspInit   spi.o
    0x0800496c   0x0800496c   0x000001a6   Code   RO         2215    i.HAL_SPI_Transmit  stm32f4xx_hal_spi.o
    0x08004b12   0x08004b12   0x00000002   PAD
    0x08004b14   0x08004b14   0x000000dc   Code   RO         2219    i.HAL_SPI_Transmit_DMA  stm32f4xx_hal_spi.o
    0x08004bf0   0x08004bf0   0x00000002   Code   RO         2221    i.HAL_SPI_TxCpltCallback  stm32f4xx_hal_spi.o
    0x08004bf2   0x08004bf2   0x00000002   Code   RO         2222    i.HAL_SPI_TxHalfCpltCallback  stm32f4xx_hal_spi.o
    0x08004bf4   0x08004bf4   0x00000028   Code   RO         3410    i.HAL_SYSTICK_CLKSourceConfig  stm32f4xx_hal_cortex.o
    0x08004c1c   0x08004c1c   0x00000002   Code   RO         3411    i.HAL_SYSTICK_Callback  stm32f4xx_hal_cortex.o
    0x08004c1e   0x08004c1e   0x00000034   Code   RO         3412    i.HAL_SYSTICK_Config  stm32f4xx_hal_cortex.o
    0x08004c52   0x08004c52   0x00000008   Code   RO         3413    i.HAL_SYSTICK_IRQHandler  stm32f4xx_hal_cortex.o
    0x08004c5a   0x08004c5a   0x00000002   Code   RO         3973    i.HAL_TIMEx_BreakCallback  stm32f4xx_hal_tim_ex.o
    0x08004c5c   0x08004c5c   0x00000002   Code   RO         3974    i.HAL_TIMEx_CommutationCallback  stm32f4xx_hal_tim_ex.o
    0x08004c5e   0x08004c5e   0x0000007e   Code   RO         3975    i.HAL_TIMEx_ConfigBreakDeadTime  stm32f4xx_hal_tim_ex.o
    0x08004cdc   0x08004cdc   0x00000062   Code   RO         3990    i.HAL_TIMEx_MasterConfigSynchronization  stm32f4xx_hal_tim_ex.o
    0x08004d3e   0x08004d3e   0x00000034   Code   RO          325    i.HAL_TIM_Base_Init  stm32f4xx_hal_tim.o
    0x08004d72   0x08004d72   0x00000002   PAD
    0x08004d74   0x08004d74   0x00000144   Code   RO         4797    i.HAL_TIM_Base_MspInit  tim.o
    0x08004eb8   0x08004eb8   0x0000001e   Code   RO          330    i.HAL_TIM_Base_Start_IT  stm32f4xx_hal_tim.o
    0x08004ed6   0x08004ed6   0x00000132   Code   RO          334    i.HAL_TIM_ConfigClockSource  stm32f4xx_hal_tim.o
    0x08005008   0x08005008   0x00000002   Code   RO          354    i.HAL_TIM_IC_CaptureCallback  stm32f4xx_hal_tim.o
    0x0800500a   0x0800500a   0x00000196   Code   RO          367    i.HAL_TIM_IRQHandler  stm32f4xx_hal_tim.o
    0x080051a0   0x080051a0   0x0000008c   Code   RO         4798    i.HAL_TIM_MspPostInit  tim.o
    0x0800522c   0x0800522c   0x00000002   Code   RO          370    i.HAL_TIM_OC_DelayElapsedCallback  stm32f4xx_hal_tim.o
    0x0800522e   0x0800522e   0x0000004c   Code   RO          384    i.HAL_TIM_OnePulse_Init  stm32f4xx_hal_tim.o
    0x0800527a   0x0800527a   0x00000002   Code   RO          386    i.HAL_TIM_OnePulse_MspInit  stm32f4xx_hal_tim.o
    0x0800527c   0x0800527c   0x00000108   Code   RO          391    i.HAL_TIM_PWM_ConfigChannel  stm32f4xx_hal_tim.o
    0x08005384   0x08005384   0x00000034   Code   RO          394    i.HAL_TIM_PWM_Init  stm32f4xx_hal_tim.o
    0x080053b8   0x080053b8   0x00000002   Code   RO          396    i.HAL_TIM_PWM_MspInit  stm32f4xx_hal_tim.o
    0x080053ba   0x080053ba   0x00000002   Code   RO          397    i.HAL_TIM_PWM_PulseFinishedCallback  stm32f4xx_hal_tim.o
    0x080053bc   0x080053bc   0x0000004c   Code   RO          398    i.HAL_TIM_PWM_Start  stm32f4xx_hal_tim.o
    0x08005408   0x08005408   0x00000002   Code   RO          404    i.HAL_TIM_PeriodElapsedCallback  stm32f4xx_hal_tim.o
    0x0800540a   0x0800540a   0x00000002   Code   RO          408    i.HAL_TIM_TriggerCallback  stm32f4xx_hal_tim.o
    0x0800540c   0x0800540c   0x00000002   Code   RO         3557    i.HAL_UART_ErrorCallback  stm32f4xx_hal_uart.o
    0x0800540e   0x0800540e   0x00000002   PAD
    0x08005410   0x08005410   0x0000014c   Code   RO         3560    i.HAL_UART_IRQHandler  stm32f4xx_hal_uart.o
    0x0800555c   0x0800555c   0x00000072   Code   RO         3561    i.HAL_UART_Init     stm32f4xx_hal_uart.o
    0x080055ce   0x080055ce   0x00000002   PAD
    0x080055d0   0x080055d0   0x0000006c   Code   RO         5174    i.HAL_UART_MspInit  usart.o
    0x0800563c   0x0800563c   0x00000002   Code   RO         3567    i.HAL_UART_RxCpltCallback  stm32f4xx_hal_uart.o
    0x0800563e   0x0800563e   0x000000d6   Code   RO         3569    i.HAL_UART_Transmit  stm32f4xx_hal_uart.o
    0x08005714   0x08005714   0x00000002   Code   RO         3572    i.HAL_UART_TxCpltCallback  stm32f4xx_hal_uart.o
    0x08005716   0x08005716   0x00000004   Code   RO         5218    i.HardFault_Handler  stm32f4xx_it.o
    0x0800571a   0x0800571a   0x00000002   PAD
    0x0800571c   0x0800571c   0x000000ac   Code   RO         2015    i.I2SEx_FullDuplexRx_IT  stm32f4xx_hal_i2s_ex.o
    0x080057c8   0x080057c8   0x000000a8   Code   RO         2016    i.I2SEx_FullDuplexTx_IT  stm32f4xx_hal_i2s_ex.o
    0x08005870   0x08005870   0x000000e0   Code   RO           39    i.I2S_IRQHandler    stm32f4xx_hal_i2s.o
    0x08005950   0x08005950   0x00000038   Code   RO           40    i.I2S_Receive_IT    stm32f4xx_hal_i2s.o
    0x08005988   0x08005988   0x00000036   Code   RO           41    i.I2S_Transmit_IT   stm32f4xx_hal_i2s.o
    0x080059be   0x080059be   0x00000002   PAD
    0x080059c0   0x080059c0   0x00001894   Code   RO         5362    i.LOAD_TRACK        main.o
    0x08007254   0x08007254   0x0000007c   Code   RO         5737    i.MX_ADC1_Init      adc.o
    0x080072d0   0x080072d0   0x00000038   Code   RO         4919    i.MX_DMA_Init       dma.o
    0x08007308   0x08007308   0x0000001c   Code   RO         4946    i.MX_FATFS_Init     fatfs.o
    0x08007324   0x08007324   0x000000fc   Code   RO         5301    i.MX_FMC_Init       fmc.o
    0x08007420   0x08007420   0x000002d4   Code   RO         5711    i.MX_GPIO_Init      gpio.o
    0x080076f4   0x080076f4   0x00000050   Code   RO         4876    i.MX_I2S3_Init      i2s.o
    0x08007744   0x08007744   0x00000024   Code   RO         5671    i.MX_SDIO_SD_Init   sdio.o
    0x08007768   0x08007768   0x00000058   Code   RO         5012    i.MX_SPI1_Init      spi.o
    0x080077c0   0x080077c0   0x00000058   Code   RO         5013    i.MX_SPI2_Init      spi.o
    0x08007818   0x08007818   0x00000058   Code   RO         5014    i.MX_SPI5_Init      spi.o
    0x08007870   0x08007870   0x00000080   Code   RO         4799    i.MX_TIM1_Init      tim.o
    0x080078f0   0x080078f0   0x00000078   Code   RO         4800    i.MX_TIM2_Init      tim.o
    0x08007968   0x08007968   0x000000b4   Code   RO         4801    i.MX_TIM3_Init      tim.o
    0x08007a1c   0x08007a1c   0x000000b4   Code   RO         4802    i.MX_TIM4_Init      tim.o
    0x08007ad0   0x08007ad0   0x00000058   Code   RO         4803    i.MX_TIM7_Init      tim.o
    0x08007b28   0x08007b28   0x00000104   Code   RO         4804    i.MX_TIM8_Init      tim.o
    0x08007c2c   0x08007c2c   0x0000004c   Code   RO         5175    i.MX_USART1_UART_Init  usart.o
    0x08007c78   0x08007c78   0x00000004   Code   RO         5219    i.MemManage_Handler  stm32f4xx_it.o
    0x08007c7c   0x08007c7c   0x000001f0   Code   RO         5363    i.NAVIGATOR         main.o
    0x08007e6c   0x08007e6c   0x00000002   Code   RO         5220    i.NMI_Handler       stm32f4xx_it.o
    0x08007e6e   0x08007e6e   0x00000002   PAD
    0x08007e70   0x08007e70   0x00000010   Code   RO         3414    i.NVIC_GetPriorityGrouping  stm32f4xx_hal_cortex.o
    0x08007e80   0x08007e80   0x00000028   Code   RO         3415    i.NVIC_SetPriority  stm32f4xx_hal_cortex.o
    0x08007ea8   0x08007ea8   0x000000d0   Code   RO         5811    i.OLED_00_Init      oled.o
    0x08007f78   0x08007f78   0x000000d0   Code   RO         5812    i.OLED_01_Init      oled.o
    0x08008048   0x08008048   0x00000060   Code   RO         5815    i.OLED_DrawFilledRectangle  oled.o
    0x080080a8   0x080080a8   0x00000122   Code   RO         5817    i.OLED_DrawLine     oled.o
    0x080081ca   0x080081ca   0x00000002   PAD
    0x080081cc   0x080081cc   0x000000c0   Code   RO         5818    i.OLED_DrawPixel    oled.o
    0x0800828c   0x0800828c   0x0000002c   Code   RO         5821    i.OLED_Fill         oled.o
    0x080082b8   0x080082b8   0x0000000c   Code   RO         5822    i.OLED_GotoXY       oled.o
    0x080082c4   0x080082c4   0x00000144   Code   RO         5825    i.OLED_Putc         oled.o
    0x08008408   0x08008408   0x00000030   Code   RO         5826    i.OLED_Puts         oled.o
    0x08008438   0x08008438   0x00000012   Code   RO         5827    i.OLED_Set_Contrast  oled.o
    0x0800844a   0x0800844a   0x00000002   PAD
    0x0800844c   0x0800844c   0x0000003c   Code   RO         5829    i.OLED_UpdatePart   oled.o
    0x08008488   0x08008488   0x00000044   Code   RO         5830    i.OLED_UpdateScreen  oled.o
    0x080084cc   0x080084cc   0x00000020   Code   RO         5831    i.OLED_WRITECOMMAND  oled.o
    0x080084ec   0x080084ec   0x00000024   Code   RO         5832    i.OLED_WriteMulti   oled.o
    0x08008510   0x08008510   0x0000012c   Code   RO         5364    i.PREPARE_LOAD_TRACK  main.o
    0x0800863c   0x0800863c   0x00000002   Code   RO         5221    i.PendSV_Handler    stm32f4xx_it.o
    0x0800863e   0x0800863e   0x00000002   PAD
    0x08008640   0x08008640   0x0000002c   Code   RO         5365    i.PlaylistID_to_Pos  main.o
    0x0800866c   0x0800866c   0x0000006c   Code   RO         5366    i.RAMSCROLL         main.o
    0x080086d8   0x080086d8   0x000000e4   Code   RO         5367    i.REDRAW_TIMESCROLL  main.o
    0x080087bc   0x080087bc   0x00000104   Code   RO         5368    i.ReDrawScroll      main.o
    0x080088c0   0x080088c0   0x0000002c   Code   RO         2621    i.SDIO_ConfigData   stm32f4xx_ll_sdmmc.o
    0x080088ec   0x080088ec   0x00000008   Code   RO         2622    i.SDIO_GetCommandResponse  stm32f4xx_ll_sdmmc.o
    0x080088f4   0x080088f4   0x0000000a   Code   RO         2625    i.SDIO_GetPowerState  stm32f4xx_ll_sdmmc.o
    0x080088fe   0x080088fe   0x00000016   Code   RO         2626    i.SDIO_GetResponse  stm32f4xx_ll_sdmmc.o
    0x08008914   0x08008914   0x00000034   Code   RO         2627    i.SDIO_Init         stm32f4xx_ll_sdmmc.o
    0x08008948   0x08008948   0x0000000a   Code   RO         2629    i.SDIO_PowerState_ON  stm32f4xx_ll_sdmmc.o
    0x08008952   0x08008952   0x00000008   Code   RO         2630    i.SDIO_ReadFIFO     stm32f4xx_ll_sdmmc.o
    0x0800895a   0x0800895a   0x00000028   Code   RO         2631    i.SDIO_SendCommand  stm32f4xx_ll_sdmmc.o
    0x08008982   0x08008982   0x0000000c   Code   RO         2633    i.SDIO_WriteFIFO    stm32f4xx_ll_sdmmc.o
    0x0800898e   0x0800898e   0x0000003a   Code   RO         2634    i.SDMMC_CmdAppCommand  stm32f4xx_ll_sdmmc.o
    0x080089c8   0x080089c8   0x0000003c   Code   RO         2635    i.SDMMC_CmdAppOperCommand  stm32f4xx_ll_sdmmc.o
    0x08008a04   0x08008a04   0x0000003a   Code   RO         2636    i.SDMMC_CmdBlockLength  stm32f4xx_ll_sdmmc.o
    0x08008a3e   0x08008a3e   0x0000003a   Code   RO         2637    i.SDMMC_CmdBusWidth  stm32f4xx_ll_sdmmc.o
    0x08008a78   0x08008a78   0x0000002e   Code   RO         2641    i.SDMMC_CmdGoIdleState  stm32f4xx_ll_sdmmc.o
    0x08008aa6   0x08008aa6   0x00000036   Code   RO         2643    i.SDMMC_CmdOperCond  stm32f4xx_ll_sdmmc.o
    0x08008adc   0x08008adc   0x0000003a   Code   RO         2644    i.SDMMC_CmdReadMultiBlock  stm32f4xx_ll_sdmmc.o
    0x08008b16   0x08008b16   0x0000003a   Code   RO         2645    i.SDMMC_CmdReadSingleBlock  stm32f4xx_ll_sdmmc.o
    0x08008b50   0x08008b50   0x0000003c   Code   RO         2648    i.SDMMC_CmdSelDesel  stm32f4xx_ll_sdmmc.o
    0x08008b8c   0x08008b8c   0x00000034   Code   RO         2649    i.SDMMC_CmdSendCID  stm32f4xx_ll_sdmmc.o
    0x08008bc0   0x08008bc0   0x00000034   Code   RO         2650    i.SDMMC_CmdSendCSD  stm32f4xx_ll_sdmmc.o
    0x08008bf4   0x08008bf4   0x0000003a   Code   RO         2651    i.SDMMC_CmdSendSCR  stm32f4xx_ll_sdmmc.o
    0x08008c2e   0x08008c2e   0x0000003a   Code   RO         2652    i.SDMMC_CmdSendStatus  stm32f4xx_ll_sdmmc.o
    0x08008c68   0x08008c68   0x0000003a   Code   RO         2653    i.SDMMC_CmdSetRelAdd  stm32f4xx_ll_sdmmc.o
    0x08008ca2   0x08008ca2   0x00000002   PAD
    0x08008ca4   0x08008ca4   0x0000003c   Code   RO         2655    i.SDMMC_CmdStopTransfer  stm32f4xx_ll_sdmmc.o
    0x08008ce0   0x08008ce0   0x0000003a   Code   RO         2657    i.SDMMC_CmdWriteMultiBlock  stm32f4xx_ll_sdmmc.o
    0x08008d1a   0x08008d1a   0x0000003a   Code   RO         2658    i.SDMMC_CmdWriteSingleBlock  stm32f4xx_ll_sdmmc.o
    0x08008d54   0x08008d54   0x00000040   Code   RO         2659    i.SDMMC_GetCmdError  stm32f4xx_ll_sdmmc.o
    0x08008d94   0x08008d94   0x000001a4   Code   RO         2660    i.SDMMC_GetCmdResp1  stm32f4xx_ll_sdmmc.o
    0x08008f38   0x08008f38   0x0000005c   Code   RO         2661    i.SDMMC_GetCmdResp2  stm32f4xx_ll_sdmmc.o
    0x08008f94   0x08008f94   0x00000050   Code   RO         2662    i.SDMMC_GetCmdResp3  stm32f4xx_ll_sdmmc.o
    0x08008fe4   0x08008fe4   0x000000b0   Code   RO         2663    i.SDMMC_GetCmdResp6  stm32f4xx_ll_sdmmc.o
    0x08009094   0x08009094   0x00000058   Code   RO         2664    i.SDMMC_GetCmdResp7  stm32f4xx_ll_sdmmc.o
    0x080090ec   0x080090ec   0x0000012c   Code   RO          996    i.SD_FindSCR        stm32f4xx_hal_sd.o
    0x08009218   0x08009218   0x000000fc   Code   RO          997    i.SD_InitCard       stm32f4xx_hal_sd.o
    0x08009314   0x08009314   0x000000ee   Code   RO          999    i.SD_PowerON        stm32f4xx_hal_sd.o
    0x08009402   0x08009402   0x00000032   Code   RO         1002    i.SD_SendStatus     stm32f4xx_hal_sd.o
    0x08009434   0x08009434   0x0000006a   Code   RO         1003    i.SD_WideBus_Disable  stm32f4xx_hal_sd.o
    0x0800949e   0x0800949e   0x0000006a   Code   RO         1004    i.SD_WideBus_Enable  stm32f4xx_hal_sd.o
    0x08009508   0x08009508   0x00000028   Code   RO         4316    i.SD_initialize     sd_diskio.o
    0x08009530   0x08009530   0x00000068   Code   RO         4317    i.SD_ioctl          sd_diskio.o
    0x08009598   0x08009598   0x00000048   Code   RO         4318    i.SD_read           sd_diskio.o
    0x080095e0   0x080095e0   0x00000028   Code   RO         4319    i.SD_status         sd_diskio.o
    0x08009608   0x08009608   0x00000048   Code   RO         4320    i.SD_write          sd_diskio.o
    0x08009650   0x08009650   0x000008e0   Code   RO         5369    i.SPI3_IRQHandler   main.o
    0x08009f30   0x08009f30   0x00000028   Code   RO         2231    i.SPI_CheckFlag_BSY  stm32f4xx_hal_spi.o
    0x08009f58   0x08009f58   0x00000028   Code   RO         2236    i.SPI_DMAError      stm32f4xx_hal_spi.o
    0x08009f80   0x08009f80   0x0000000e   Code   RO         2238    i.SPI_DMAHalfTransmitCplt  stm32f4xx_hal_spi.o
    0x08009f8e   0x08009f8e   0x00000072   Code   RO         2242    i.SPI_DMATransmitCplt  stm32f4xx_hal_spi.o
    0x0800a000   0x0800a000   0x000000aa   Code   RO         2250    i.SPI_WaitFlagStateUntilTimeout  stm32f4xx_hal_spi.o
    0x0800a0aa   0x0800a0aa   0x00000002   Code   RO         5222    i.SVC_Handler       stm32f4xx_it.o
    0x0800a0ac   0x0800a0ac   0x000000d8   Code   RO         5370    i.ShowBPM           main.o
    0x0800a184   0x0800a184   0x00000184   Code   RO         5371    i.ShowTempo         main.o
    0x0800a308   0x0800a308   0x0000006c   Code   RO         5372    i.ShowTrackNumber   main.o
    0x0800a374   0x0800a374   0x000005bc   Code   RO         5373    i.SwitchInformationLayer  main.o
    0x0800a930   0x0800a930   0x0000000c   Code   RO         5223    i.SysTick_Handler   stm32f4xx_it.o
    0x0800a93c   0x0800a93c   0x00000110   Code   RO         5374    i.SystemClock_Config  main.o
    0x0800aa4c   0x0800aa4c   0x00000064   Code   RO         5983    i.SystemInit        system_stm32f4xx.o
    0x0800aab0   0x0800aab0   0x0000106c   Code   RO         5375    i.TIM1_UP_TIM10_IRQHandler  main.o
    0x0800bb1c   0x0800bb1c   0x0000001c   Code   RO         5376    i.TIM7_IRQHandler   main.o
    0x0800bb38   0x0800bb38   0x000000e4   Code   RO          409    i.TIM_Base_SetConfig  stm32f4xx_hal_tim.o
    0x0800bc1c   0x0800bc1c   0x0000001c   Code   RO          410    i.TIM_CCxChannelCmd  stm32f4xx_hal_tim.o
    0x0800bc38   0x0800bc38   0x00000018   Code   RO          416    i.TIM_ETR_SetConfig  stm32f4xx_hal_tim.o
    0x0800bc50   0x0800bc50   0x00000014   Code   RO          417    i.TIM_ITRx_SetConfig  stm32f4xx_hal_tim.o
    0x0800bc64   0x0800bc64   0x00000070   Code   RO          418    i.TIM_OC1_SetConfig  stm32f4xx_hal_tim.o
    0x0800bcd4   0x0800bcd4   0x00000078   Code   RO          419    i.TIM_OC2_SetConfig  stm32f4xx_hal_tim.o
    0x0800bd4c   0x0800bd4c   0x00000078   Code   RO          420    i.TIM_OC3_SetConfig  stm32f4xx_hal_tim.o
    0x0800bdc4   0x0800bdc4   0x00000060   Code   RO          421    i.TIM_OC4_SetConfig  stm32f4xx_hal_tim.o
    0x0800be24   0x0800be24   0x0000002a   Code   RO          423    i.TIM_TI1_ConfigInputStage  stm32f4xx_hal_tim.o
    0x0800be4e   0x0800be4e   0x0000002c   Code   RO          425    i.TIM_TI2_ConfigInputStage  stm32f4xx_hal_tim.o
    0x0800be7a   0x0800be7a   0x00000014   Code   RO         3574    i.UART_DMAAbortOnError  stm32f4xx_hal_uart.o
    0x0800be8e   0x0800be8e   0x00000020   Code   RO         3584    i.UART_EndRxTransfer  stm32f4xx_hal_uart.o
    0x0800beae   0x0800beae   0x00000020   Code   RO         3585    i.UART_EndTransmit_IT  stm32f4xx_hal_uart.o
    0x0800bece   0x0800bece   0x0000009a   Code   RO         3587    i.UART_Receive_IT   stm32f4xx_hal_uart.o
    0x0800bf68   0x0800bf68   0x00000368   Code   RO         3588    i.UART_SetConfig    stm32f4xx_hal_uart.o
    0x0800c2d0   0x0800c2d0   0x00000068   Code   RO         3589    i.UART_Transmit_IT  stm32f4xx_hal_uart.o
    0x0800c338   0x0800c338   0x0000006c   Code   RO         3590    i.UART_WaitOnFlagUntilTimeout  stm32f4xx_hal_uart.o
    0x0800c3a4   0x0800c3a4   0x000000ac   Code   RO         5377    i.USART1_IRQHandler  main.o
    0x0800c450   0x0800c450   0x00000004   Code   RO         5224    i.UsageFault_Handler  stm32f4xx_it.o
    0x0800c454   0x0800c454   0x00000004   Code   RO         5378    i._Error_Handler    main.o
    0x0800c458   0x0800c458   0x00000028   Code   RO         6180    i.__0sprintf$6      mc_w.l(printf6.o)
    0x0800c480   0x0800c480   0x0000000e   Code   RO         6366    i.__scatterload_copy  mc_w.l(handlers.o)
    0x0800c48e   0x0800c48e   0x00000002   Code   RO         6367    i.__scatterload_null  mc_w.l(handlers.o)
    0x0800c490   0x0800c490   0x0000000e   Code   RO         6368    i.__scatterload_zeroinit  mc_w.l(handlers.o)
    0x0800c49e   0x0800c49e   0x00000002   PAD
    0x0800c4a0   0x0800c4a0   0x000002f0   Code   RO         6185    i._printf_core      mc_w.l(printf6.o)
    0x0800c790   0x0800c790   0x00000024   Code   RO         6186    i._printf_post_padding  mc_w.l(printf6.o)
    0x0800c7b4   0x0800c7b4   0x0000002e   Code   RO         6187    i._printf_pre_padding  mc_w.l(printf6.o)
    0x0800c7e2   0x0800c7e2   0x0000000a   Code   RO         6189    i._sputc            mc_w.l(printf6.o)
    0x0800c7ec   0x0800c7ec   0x0000009c   Code   RO         4375    i.check_fs          ff.o
    0x0800c888   0x0800c888   0x00000014   Code   RO         4376    i.chk_chr           ff.o
    0x0800c89c   0x0800c89c   0x00000098   Code   RO         4377    i.chk_lock          ff.o
    0x0800c934   0x0800c934   0x00000030   Code   RO         4378    i.clear_lock        ff.o
    0x0800c964   0x0800c964   0x0000004c   Code   RO         4379    i.clmt_clust        ff.o
    0x0800c9b0   0x0800c9b0   0x00000026   Code   RO         4380    i.clust2sect        ff.o
    0x0800c9d6   0x0800c9d6   0x00000002   PAD
    0x0800c9d8   0x0800c9d8   0x00000090   Code   RO         4381    i.cmp_lfn           ff.o
    0x0800ca68   0x0800ca68   0x000000fc   Code   RO         4382    i.create_chain      ff.o
    0x0800cb64   0x0800cb64   0x00000248   Code   RO         4383    i.create_name       ff.o
    0x0800cdac   0x0800cdac   0x0000004c   Code   RO         4384    i.dec_lock          ff.o
    0x0800cdf8   0x0800cdf8   0x0000006c   Code   RO         4385    i.dir_alloc         ff.o
    0x0800ce64   0x0800ce64   0x00000118   Code   RO         4386    i.dir_find          ff.o
    0x0800cf7c   0x0800cf7c   0x000001ec   Code   RO         4387    i.dir_next          ff.o
    0x0800d168   0x0800d168   0x0000017a   Code   RO         4389    i.dir_register      ff.o
    0x0800d2e2   0x0800d2e2   0x00000134   Code   RO         4391    i.dir_sdi           ff.o
    0x0800d416   0x0800d416   0x00000002   PAD
    0x0800d418   0x0800d418   0x0000002c   Code   RO         4249    i.disk_initialize   diskio.o
    0x0800d444   0x0800d444   0x00000028   Code   RO         4250    i.disk_ioctl        diskio.o
    0x0800d46c   0x0800d46c   0x00000030   Code   RO         4251    i.disk_read         diskio.o
    0x0800d49c   0x0800d49c   0x0000001c   Code   RO         4252    i.disk_status       diskio.o
    0x0800d4b8   0x0800d4b8   0x00000030   Code   RO         4253    i.disk_write        diskio.o
    0x0800d4e8   0x0800d4e8   0x00000028   Code   RO         4392    i.enq_lock          ff.o
    0x0800d510   0x0800d510   0x00000032   Code   RO         4394    i.f_close           ff.o
    0x0800d542   0x0800d542   0x0000012a   Code   RO         4396    i.f_getfree         ff.o
    0x0800d66c   0x0800d66c   0x0000045c   Code   RO         4398    i.f_lseek           ff.o
    0x0800dac8   0x0800dac8   0x00000068   Code   RO         4401    i.f_mount           ff.o
    0x0800db30   0x0800db30   0x0000022c   Code   RO         4402    i.f_open            ff.o
    0x0800dd5c   0x0800dd5c   0x000002e6   Code   RO         4407    i.f_read            ff.o
    0x0800e042   0x0800e042   0x00000002   PAD
    0x0800e044   0x0800e044   0x000000fc   Code   RO         4411    i.f_sync            ff.o
    0x0800e140   0x0800e140   0x0000000e   Code   RO         5379    i.ff_convert        main.o
    0x0800e14e   0x0800e14e   0x0000001a   Code   RO         5380    i.ff_wtoupper       main.o
    0x0800e168   0x0800e168   0x00000488   Code   RO         4416    i.find_volume       ff.o
    0x0800e5f0   0x0800e5f0   0x00000080   Code   RO         4417    i.fit_lfn           ff.o
    0x0800e670   0x0800e670   0x000000a6   Code   RO         4418    i.follow_path       ff.o
    0x0800e716   0x0800e716   0x00000002   PAD
    0x0800e718   0x0800e718   0x00000050   Code   RO         6284    i.free              mc_w.l(malloc.o)
    0x0800e768   0x0800e768   0x000000b4   Code   RO         4419    i.gen_numname       ff.o
    0x0800e81c   0x0800e81c   0x00000164   Code   RO         4420    i.get_fat           ff.o
    0x0800e980   0x0800e980   0x00000048   Code   RO         4422    i.get_ldnumber      ff.o
    0x0800e9c8   0x0800e9c8   0x000000f4   Code   RO         4423    i.inc_lock          ff.o
    0x0800eabc   0x0800eabc   0x00000110   Code   RO         5381    i.int_B1_DRAW_ONE_LINE  main.o
    0x0800ebcc   0x0800ebcc   0x0000020c   Code   RO         5382    i.int_BIx_DRAW_ALL_LINES  main.o
    0x0800edd8   0x0800edd8   0x00000110   Code   RO         5384    i.int_B_DRAW_ONE_LINE  main.o
    0x0800eee8   0x0800eee8   0x0000012c   Code   RO         5385    i.int_DRAW_CUR_TN   main.o
    0x0800f014   0x0800f014   0x00000024   Code   RO         4424    i.ld_clust          ff.o
    0x0800f038   0x0800f038   0x00001e58   Code   RO         5386    i.main              main.o
    0x08010e90   0x08010e90   0x0000006c   Code   RO         6285    i.malloc            mc_w.l(malloc.o)
    0x08010efc   0x08010efc   0x00000026   Code   RO         4425    i.mem_cmp           ff.o
    0x08010f22   0x08010f22   0x0000001a   Code   RO         4426    i.mem_cpy           ff.o
    0x08010f3c   0x08010f3c   0x00000014   Code   RO         4427    i.mem_set           ff.o
    0x08010f50   0x08010f50   0x0000003e   Code   RO         4428    i.move_window       ff.o
    0x08010f8e   0x08010f8e   0x000001be   Code   RO         4430    i.put_fat           ff.o
    0x0801114c   0x0801114c   0x00000088   Code   RO         4432    i.remove_chain      ff.o
    0x080111d4   0x080111d4   0x00000010   Code   RO         4433    i.st_clust          ff.o
    0x080111e4   0x080111e4   0x00000020   Code   RO         4434    i.sum_sfn           ff.o
    0x08011204   0x08011204   0x00000118   Code   RO         4435    i.sync_fs           ff.o
    0x0801131c   0x0801131c   0x00000072   Code   RO         4436    i.sync_window       ff.o
    0x0801138e   0x0801138e   0x00000052   Code   RO         4437    i.validate          ff.o
    0x080113e0   0x080113e0   0x00000008   Data   RO         3882    .constdata          stm32f4xx_hal_dma.o
    0x080113e8   0x080113e8   0x00000014   Data   RO         4321    .constdata          sd_diskio.o
    0x080113fc   0x080113fc   0x000000ba   Data   RO         4439    .constdata          ff.o
    0x080114b6   0x080114b6   0x00000002   PAD
    0x080114b8   0x080114b8   0x0000008c   Data   RO         5394    .constdata          main.o
    0x08011544   0x08011544   0x00000664   Data   RO         5778    .constdata          fonts.o
    0x08011ba8   0x08011ba8   0x000008c1   Data   RO         5834    .constdata          oled.o
    0x08012469   0x08012469   0x00000018   Data   RO         5984    .constdata          system_stm32f4xx.o
    0x08012481   0x08012481   0x00000003   PAD
    0x08012484   0x08012484   0x00000020   Data   RO         6364    Region$$Table       anon$$obj.o


    Execution Region RW_IRAM1 (Exec base: 0x20000000, Load base: 0x080124a4, Size: 0x0001ecb8, Max: 0x00030000, ABSOLUTE, COMPRESSED[0x000000bc])

    Exec Addr    Load Addr    Size         Type   Attr      Idx    E Section Name        Object

    0x20000000   COMPRESSED   0x00000004   Data   RW         1423    .data               stm32f4xx_hal.o
    0x20000004   COMPRESSED   0x00000001   Data   RW         4322    .data               sd_diskio.o
    0x20000005   COMPRESSED   0x00000003   PAD
    0x20000008   COMPRESSED   0x00000006   Data   RW         4440    .data               ff.o
    0x2000000e   COMPRESSED   0x00000005   Data   RW         4948    .data               fatfs.o
    0x20000013   COMPRESSED   0x00000001   PAD
    0x20000014   COMPRESSED   0x00000008   Data   RW         5303    .data               fmc.o
    0x2000001c   COMPRESSED   0x000002f6   Data   RW         5395    .data               main.o
    0x20000312   COMPRESSED   0x00000002   PAD
    0x20000314   COMPRESSED   0x00000010   Data   RW         5779    .data               fonts.o
    0x20000324   COMPRESSED   0x00000008   Data   RW         5835    .data               oled.o
    0x2000032c   COMPRESSED   0x00000004   Data   RW         5985    .data               system_stm32f4xx.o
    0x20000330   COMPRESSED   0x00000004   Data   RW         6339    .data               mc_w.l(mvars.o)
    0x20000334   COMPRESSED   0x00000004   Data   RW         6340    .data               mc_w.l(mvars.o)
    0x20000338        -       0x00000218   Zero   RW         4438    .bss                ff.o
    0x20000550        -       0x0000000c   Zero   RW         4750    .bss                ff_gen_drv.o
    0x2000055c        -       0x00000168   Zero   RW         4805    .bss                tim.o
    0x200006c4        -       0x00000048   Zero   RW         4877    .bss                i2s.o
    0x2000070c        -       0x00000168   Zero   RW         5015    .bss                spi.o
    0x20000874        -       0x00000040   Zero   RW         5176    .bss                usart.o
    0x200008b4        -       0x00000034   Zero   RW         5302    .bss                fmc.o
    0x200008e8        -       0x0001c2fe   Zero   RW         5393    .bss                main.o
    0x2001cbe6   COMPRESSED   0x00000002   PAD
    0x2001cbe8        -       0x00000084   Zero   RW         5672    .bss                sdio.o
    0x2001cc6c        -       0x00000048   Zero   RW         5738    .bss                adc.o
    0x2001ccb4        -       0x00000800   Zero   RW         5833    .bss                oled.o
    0x2001d4b4   COMPRESSED   0x00000004   PAD
    0x2001d4b8        -       0x00000800   Zero   RW            2    HEAP                startup_stm32f429xx.o
    0x2001dcb8        -       0x00001000   Zero   RW            1    STACK               startup_stm32f429xx.o



  Load Region LR$$.ARM.__AT_0xD0000000 (Base: 0xd0000000, Size: 0x00000000, Max: 0x03ff0000, ABSOLUTE)

    Execution Region ER$$.ARM.__AT_0xD0000000 (Exec base: 0xd0000000, Load base: 0xd0000000, Size: 0x03ff0000, Max: 0x03ff0000, ABSOLUTE, UNINIT)

    Exec Addr    Load Addr    Size         Type   Attr      Idx    E Section Name        Object

    0xd0000000        -       0x03ff0000   Zero   RW         5387    .ARM.__AT_0xD0000000  main.o



  Load Region LR$$.ARM.__AT_0xD3FF0000 (Base: 0xd3ff0000, Size: 0x00000000, Max: 0x00006e00, ABSOLUTE)

    Execution Region ER$$.ARM.__AT_0xD3FF0000 (Exec base: 0xd3ff0000, Load base: 0xd3ff0000, Size: 0x00006e00, Max: 0x00006e00, ABSOLUTE, UNINIT)

    Exec Addr    Load Addr    Size         Type   Attr      Idx    E Section Name        Object

    0xd3ff0000        -       0x00006e00   Zero   RW         5388    .ARM.__AT_0xD3FF0000  main.o



  Load Region LR$$.ARM.__AT_0xD3FF6E00 (Base: 0xd3ff6e00, Size: 0x00000000, Max: 0x00000400, ABSOLUTE)

    Execution Region ER$$.ARM.__AT_0xD3FF6E00 (Exec base: 0xd3ff6e00, Load base: 0xd3ff6e00, Size: 0x00000400, Max: 0x00000400, ABSOLUTE, UNINIT)

    Exec Addr    Load Addr    Size         Type   Attr      Idx    E Section Name        Object

    0xd3ff6e00        -       0x00000400   Zero   RW         5389    .ARM.__AT_0xD3FF6E00  main.o



  Load Region LR$$.ARM.__AT_0xD3FF7200 (Base: 0xd3ff7200, Size: 0x00000000, Max: 0x00000400, ABSOLUTE)

    Execution Region ER$$.ARM.__AT_0xD3FF7200 (Exec base: 0xd3ff7200, Load base: 0xd3ff7200, Size: 0x00000400, Max: 0x00000400, ABSOLUTE, UNINIT)

    Exec Addr    Load Addr    Size         Type   Attr      Idx    E Section Name        Object

    0xd3ff7200        -       0x00000400   Zero   RW         5390    .ARM.__AT_0xD3FF7200  main.o



  Load Region LR$$.ARM.__AT_0xD3FF7600 (Base: 0xd3ff7600, Size: 0x00000000, Max: 0x00000400, ABSOLUTE)

    Execution Region ER$$.ARM.__AT_0xD3FF7600 (Exec base: 0xd3ff7600, Load base: 0xd3ff7600, Size: 0x00000400, Max: 0x00000400, ABSOLUTE, UNINIT)

    Exec Addr    Load Addr    Size         Type   Attr      Idx    E Section Name        Object

    0xd3ff7600        -       0x00000400   Zero   RW         5391    .ARM.__AT_0xD3FF7600  main.o



  Load Region LR$$.ARM.__AT_0xD3FF7A00 (Base: 0xd3ff7a00, Size: 0x00000000, Max: 0x00000200, ABSOLUTE)

    Execution Region ER$$.ARM.__AT_0xD3FF7A00 (Exec base: 0xd3ff7a00, Load base: 0xd3ff7a00, Size: 0x00000200, Max: 0x00000200, ABSOLUTE, UNINIT)

    Exec Addr    Load Addr    Size         Type   Attr      Idx    E Section Name        Object

    0xd3ff7a00        -       0x00000200   Zero   RW         5392    .ARM.__AT_0xD3FF7A00  main.o


==============================================================================

Image component sizes


      Code (inc. data)   RO Data    RW Data    ZI Data      Debug   Object Name

       208         44          0          0         72       1593   adc.o
       200         26          0          0          0       3996   bsp_driver_sd.o
       208         24          0          0          0       8665   diskio.o
        56          4          0          0          0        722   dma.o
        28         12          0          5          0        920   fatfs.o
      9864        108        186          6        536      41135   ff.o
       102          6          0          0         12       1643   ff_gen_drv.o
       526         56          0          8         52       2368   fmc.o
         0          0       1636         16          0       1060   fonts.o
       724         36          0          0          0       1343   gpio.o
       276         48          0          0         72       1613   i2s.o
     32256       3442        140        758   67190526      44922   main.o
      1708        108       2241          8       2048      10491   oled.o
       328         32         20          1          0       4592   sd_diskio.o
       160         24          0          0        132       1541   sdio.o
       604        124          0          0        360       2836   spi.o
        36          8        428          0       6144        824   startup_stm32f429xx.o
       158         20          0          4          0       4355   stm32f4xx_hal.o
      1136         52          0          0          0       4166   stm32f4xx_hal_adc.o
       348         22          0          0          0      32517   stm32f4xx_hal_cortex.o
      1284         20          8          0          0       6122   stm32f4xx_hal_dma.o
       598         58          0          0          0       4151   stm32f4xx_hal_gpio.o
       956         16          0          0          0     806180   stm32f4xx_hal_i2s.o
       994         30          0          0          0       3511   stm32f4xx_hal_i2s_ex.o
        86          0          0          0          0        502   stm32f4xx_hal_msp.o
       164         12          0          0          0       1260   stm32f4xx_hal_pwr_ex.o
      1844         80          0          0          0       5392   stm32f4xx_hal_rcc.o
      1024         42          0          0          0       2337   stm32f4xx_hal_rcc_ex.o
      3084          4          0          0          0      13068   stm32f4xx_hal_sd.o
       162          0          0          0          0       2684   stm32f4xx_hal_sdram.o
      1166         12          0          0          0       8479   stm32f4xx_hal_spi.o
      2110         88          0          0          0      17587   stm32f4xx_hal_tim.o
       228          0          0          0          0       3114   stm32f4xx_hal_tim_ex.o
      1988         14          0          0          0       9547   stm32f4xx_hal_uart.o
        52          6          0          0          0       4516   stm32f4xx_it.o
       368          4          0          0          0       3472   stm32f4xx_ll_fmc.o
      2090         40          0          0          0      23727   stm32f4xx_ll_sdmmc.o
       100         18         24          4          0       1119   system_stm32f4xx.o
      1420        200          0          0        360       5805   tim.o
       184         38          0          0         64       1590   usart.o

    ----------------------------------------------------------------------
     68864       4878       4720        816   67200384    1095465   Object Totals
         0          0         32          0          0          0   (incl. Generated)
        36          0          5          6          6          0   (incl. Padding)

    ----------------------------------------------------------------------

      Code (inc. data)   RO Data    RW Data    ZI Data      Debug   Library Member Name

        86          0          0          0          0          0   __dczerorl2.o
         0          0          0          0          0          0   entry.o
         0          0          0          0          0          0   entry10a.o
         0          0          0          0          0          0   entry11a.o
         4          0          0          0          0          0   entry12b.o
         8          4          0          0          0          0   entry2.o
         4          0          0          0          0          0   entry5.o
         0          0          0          0          0          0   entry7b.o
         0          0          0          0          0          0   entry8b.o
         8          4          0          0          0          0   entry9a.o
        30          0          0          0          0          0   handlers.o
        36          8          0          0          0         68   init.o
       188         20          0          0          0        160   malloc.o
        36          0          0          0          0        108   memseta.o
         0          0          0          8          0          0   mvars.o
       884         10          0          0          0        420   printf6.o
        44          0          0          0          0         80   uidiv.o

    ----------------------------------------------------------------------
      1332         46          0          8          0        836   Library Totals
         4          0          0          0          0          0   (incl. Padding)

    ----------------------------------------------------------------------

      Code (inc. data)   RO Data    RW Data    ZI Data      Debug   Library Name

      1328         46          0          8          0        836   mc_w.l

    ----------------------------------------------------------------------
      1332         46          0          8          0        836   Library Totals

    ----------------------------------------------------------------------

==============================================================================


      Code (inc. data)   RO Data    RW Data    ZI Data      Debug   

     70196       4924       4720        824   67200384    1066121   Grand Totals
     70196       4924       4720        188   67200384    1066121   ELF Image Totals (compressed)
     70196       4924       4720        188          0          0   ROM Totals

==============================================================================

    Total RO  Size (Code + RO Data)                74916 (  73.16kB)
    Total RW  Size (RW Data + ZI Data)          67201208 (65626.18kB)
    Total ROM Size (Code + RO Data + RW Data)      75104 (  73.34kB)

==============================================================================

